   1              		.cpu cortex-m4
   2              		.arch armv7e-m
   3              		.fpu softvfp
   4              		.eabi_attribute 20, 1
   5              		.eabi_attribute 21, 1
   6              		.eabi_attribute 23, 3
   7              		.eabi_attribute 24, 1
   8              		.eabi_attribute 25, 1
   9              		.eabi_attribute 26, 1
  10              		.eabi_attribute 30, 4
  11              		.eabi_attribute 34, 1
  12              		.eabi_attribute 18, 4
  13              		.file	"network.c"
  14              		.text
  15              	.Ltext0:
  16              		.cfi_sections	.debug_frame
  17              		.file 1 "network.c"
  18              		.section	.text.network_forward,"ax",%progbits
  19              		.align	1
  20              		.global	network_forward
  21              		.syntax unified
  22              		.thumb
  23              		.thumb_func
  25              	network_forward:
  26              	.LVL0:
  27              	.LFB0:
   1:network.c     **** #include "network_config.h"
   2:network.c     **** #include <stdint.h>
   3:network.c     **** 
   4:network.c     **** // Forward declaration (if needed)
   5:network.c     **** int32_t network_forward(const int8_t input[]);
   6:network.c     **** 
   7:network.c     **** /**
   8:network.c     ****  * Pure integer forward pass.
   9:network.c     ****  * Input:  input[10] - int8_t in range [-7, 7] (symmetric 4‑bit)
  10:network.c     ****  * Output: logit_q   - int32_t fixed‑point logit (scale = OUTPUT_SCALE)
  11:network.c     ****  *
  12:network.c     ****  * To get probability:
  13:network.c     ****  *   float prob = 1.0f / (1.0f + expf(-logit_q * OUTPUT_SCALE));
  14:network.c     ****  */
  15:network.c     **** int32_t network_forward(const int8_t input[])
  16:network.c     **** {
  28              		.loc 1 16 1 view -0
  29              		.cfi_startproc
  30              		@ args = 0, pretend = 0, frame = 16
  31              		@ frame_needed = 0, uses_anonymous_args = 0
  17:network.c     ****     // ------------------------------------------------------------
  18:network.c     ****     // Layer 1: Fully‑connected + ReLU
  19:network.c     ****     // ------------------------------------------------------------
  20:network.c     ****     int8_t hidden_q[NET_L1];   // 4‑bit unsigned after ReLU: [0, 7]
  32              		.loc 1 20 5 view .LVU1
  21:network.c     **** 
  22:network.c     ****     for (int o = 0; o < NET_L1; o++) {
  33              		.loc 1 22 5 view .LVU2
  34              	.LBB2:
  35              		.loc 1 22 10 view .LVU3
  36              		.loc 1 22 23 discriminator 1 view .LVU4
  37              	.LBE2:
  16:network.c     ****     // ------------------------------------------------------------
  38              		.loc 1 16 1 is_stmt 0 view .LVU5
  39 0000 2DE9F04F 		push	{r4, r5, r6, r7, r8, r9, r10, fp, lr}
  40              	.LCFI0:
  41              		.cfi_def_cfa_offset 36
  42              		.cfi_offset 4, -36
  43              		.cfi_offset 5, -32
  44              		.cfi_offset 6, -28
  45              		.cfi_offset 7, -24
  46              		.cfi_offset 8, -20
  47              		.cfi_offset 9, -16
  48              		.cfi_offset 10, -12
  49              		.cfi_offset 11, -8
  50              		.cfi_offset 14, -4
  51 0004 354C     		ldr	r4, .L9
  52 0006 85B0     		sub	sp, sp, #20
  53              	.LCFI1:
  54              		.cfi_def_cfa_offset 56
  55 0008 02AE     		add	r6, sp, #8
  56 000a 00F10903 		add	r3, r0, #9
  57 000e 04F1180B 		add	fp, r4, #24
  58 0012 04F1300A 		add	r10, r4, #48
  59 0016 04F14807 		add	r7, r4, #72
  60              	.LBB11:
  61              	.LBB3:
  23:network.c     ****         // 1. Dot product (int8 * int8 -> int32 accumulator)
  24:network.c     ****         int32_t acc = 0;
  62              		.loc 1 24 17 view .LVU6
  63 001a B146     		mov	r9, r6
  64              	.LBE3:
  22:network.c     ****         // 1. Dot product (int8 * int8 -> int32 accumulator)
  65              		.loc 1 22 14 view .LVU7
  66 001c 4FF0000C 		mov	ip, #0
  67 0020 0193     		str	r3, [sp, #4]
  68              	.LBB7:
  25:network.c     ****         for (int i = 0; i < NET_INPUTS; i++) {
  26:network.c     ****             int32_t x = input[i];          // already quantized, zero‑point = 0
  27:network.c     ****             int32_t w = L1_W[o][i];        // symmetric, zero‑point = 0
  28:network.c     ****             acc += x * w;
  29:network.c     ****         }
  30:network.c     **** 
  31:network.c     ****         // 2. Add bias (already int32 with correct scale)
  32:network.c     ****         acc += L1_B[o];
  33:network.c     **** 
  34:network.c     ****         // 3. Apply multiplier: scaled = (acc * M0) >> (31 + N)  with rounding
  35:network.c     ****         int64_t temp = (int64_t)acc * L1_M0[o];
  36:network.c     ****         temp += (1LL << (31 + L1_N[o] - 1));   // rounding half
  69              		.loc 1 36 22 view .LVU8
  70 0022 4FF0010E 		mov	lr, #1
  71              	.LVL1:
  72              	.L2:
  73              	.LBB4:
  25:network.c     ****         for (int i = 0; i < NET_INPUTS; i++) {
  74              		.loc 1 25 27 is_stmt 1 discriminator 1 view .LVU9
  75 0026 421E     		subs	r2, r0, #1
  76              	.LBE4:
  77              	.LBE7:
  78              	.LBE11:
  16:network.c     ****     // ------------------------------------------------------------
  79              		.loc 1 16 1 is_stmt 0 view .LVU10
  80 0028 3946     		mov	r1, r7
  81              	.LBB12:
  82              	.LBB8:
  24:network.c     ****         for (int i = 0; i < NET_INPUTS; i++) {
  83              		.loc 1 24 17 view .LVU11
  84 002a 0023     		movs	r3, #0
  85              	.LVL2:
  86              	.L3:
  87              	.LBB6:
  88              	.LBB5:
  26:network.c     ****             int32_t w = L1_W[o][i];        // symmetric, zero‑point = 0
  89              		.loc 1 26 13 is_stmt 1 view .LVU12
  27:network.c     ****             acc += x * w;
  90              		.loc 1 27 13 view .LVU13
  27:network.c     ****             acc += x * w;
  91              		.loc 1 27 32 is_stmt 0 view .LVU14
  92 002c 11F9015B 		ldrsb	r5, [r1], #1
  93              	.LVL3:
  28:network.c     ****         }
  94              		.loc 1 28 13 is_stmt 1 view .LVU15
  28:network.c     ****         }
  95              		.loc 1 28 17 is_stmt 0 view .LVU16
  96 0030 12F9018F 		ldrsb	r8, [r2, #1]!
  97              	.LVL4:
  28:network.c     ****         }
  98              		.loc 1 28 17 view .LVU17
  99 0034 18FB0533 		smlabb	r3, r8, r5, r3
 100              	.LVL5:
  28:network.c     ****         }
 101              		.loc 1 28 17 view .LVU18
 102              	.LBE5:
  25:network.c     ****             int32_t x = input[i];          // already quantized, zero‑point = 0
 103              		.loc 1 25 42 is_stmt 1 discriminator 3 view .LVU19
  25:network.c     ****             int32_t x = input[i];          // already quantized, zero‑point = 0
 104              		.loc 1 25 27 discriminator 1 view .LVU20
 105 0038 019D     		ldr	r5, [sp, #4]
 106              	.LVL6:
  25:network.c     ****             int32_t x = input[i];          // already quantized, zero‑point = 0
 107              		.loc 1 25 27 is_stmt 0 discriminator 1 view .LVU21
 108 003a 9542     		cmp	r5, r2
 109 003c F6D1     		bne	.L3
 110              	.LBE6:
  32:network.c     **** 
 111              		.loc 1 32 9 is_stmt 1 view .LVU22
  35:network.c     ****         temp += (1LL << (31 + L1_N[o] - 1));   // rounding half
 112              		.loc 1 35 44 is_stmt 0 view .LVU23
 113 003e 5BF8042B 		ldr	r2, [fp], #4
 114 0042 0092     		str	r2, [sp]
 115              		.loc 1 36 35 view .LVU24
 116 0044 5AF8042B 		ldr	r2, [r10], #4
  32:network.c     **** 
 117              		.loc 1 32 20 view .LVU25
 118 0048 54F8045B 		ldr	r5, [r4], #4
 119              	.LVL7:
  35:network.c     ****         temp += (1LL << (31 + L1_N[o] - 1));   // rounding half
 120              		.loc 1 35 9 is_stmt 1 view .LVU26
 121              		.loc 1 36 9 view .LVU27
  37:network.c     ****         int32_t activation = (int32_t)(temp >> (31 + L1_N[o]));
 122              		.loc 1 37 9 view .LVU28
  38:network.c     **** 
  39:network.c     ****         // 4. ReLU + clamp to 4‑bit unsigned range [0, 15]
  40:network.c     ****         if (activation < 0) activation = 0;
 123              		.loc 1 40 9 view .LVU29
  41:network.c     ****         if (activation > 7) activation = 7;
  42:network.c     **** 
  43:network.c     ****         hidden_q[o] = (int8_t)activation;
 124              		.loc 1 43 9 view .LVU30
  36:network.c     ****         int32_t activation = (int32_t)(temp >> (31 + L1_N[o]));
 125              		.loc 1 36 22 is_stmt 0 view .LVU31
 126 004c A2F10208 		sub	r8, r2, #2
 127              	.LVL8:
  36:network.c     ****         int32_t activation = (int32_t)(temp >> (31 + L1_N[o]));
 128              		.loc 1 36 22 view .LVU32
 129 0050 C2F10201 		rsb	r1, r2, #2
 130              	.LVL9:
  36:network.c     ****         int32_t activation = (int32_t)(temp >> (31 + L1_N[o]));
 131              		.loc 1 36 22 view .LVU33
 132 0054 0EFA08F8 		lsl	r8, lr, r8
 133 0058 2EFA01F1 		lsr	r1, lr, r1
  32:network.c     **** 
 134              		.loc 1 32 13 view .LVU34
 135 005c 1D44     		add	r5, r5, r3
 136              	.LVL10:
  36:network.c     ****         int32_t activation = (int32_t)(temp >> (31 + L1_N[o]));
 137              		.loc 1 36 22 view .LVU35
 138 005e 48EA0101 		orr	r1, r8, r1
  36:network.c     ****         int32_t activation = (int32_t)(temp >> (31 + L1_N[o]));
 139              		.loc 1 36 39 view .LVU36
 140 0062 02F11E03 		add	r3, r2, #30
 141              	.LVL11:
  36:network.c     ****         int32_t activation = (int32_t)(temp >> (31 + L1_N[o]));
 142              		.loc 1 36 14 view .LVU37
 143 0066 DDF80080 		ldr	r8, [sp]
  36:network.c     ****         int32_t activation = (int32_t)(temp >> (31 + L1_N[o]));
 144              		.loc 1 36 22 view .LVU38
 145 006a 0EFA03F3 		lsl	r3, lr, r3
  36:network.c     ****         int32_t activation = (int32_t)(temp >> (31 + L1_N[o]));
 146              		.loc 1 36 14 view .LVU39
 147 006e C5FB0831 		smlal	r3, r1, r5, r8
  37:network.c     **** 
 148              		.loc 1 37 52 view .LVU40
 149 0072 02F11F05 		add	r5, r2, #31
 150              	.LVL12:
  37:network.c     **** 
 151              		.loc 1 37 45 view .LVU41
 152 0076 C2F10102 		rsb	r2, r2, #1
 153 007a B5F12008 		subs	r8, r5, #32
 154 007e 23FA05F3 		lsr	r3, r3, r5
 155 0082 01FA02F2 		lsl	r2, r1, r2
 156 0086 43EA0203 		orr	r3, r3, r2
 157 008a 5CBF     		itt	pl
 158 008c 41FA08F8 		asrpl	r8, r1, r8
 159 0090 43EA0803 		orrpl	r3, r3, r8
 160              	.LBE8:
  22:network.c     ****         // 1. Dot product (int8 * int8 -> int32 accumulator)
 161              		.loc 1 22 34 discriminator 2 view .LVU42
 162 0094 0CF1010C 		add	ip, ip, #1
 163              	.LVL13:
 164              	.LBB9:
  40:network.c     ****         if (activation > 7) activation = 7;
 165              		.loc 1 40 12 view .LVU43
 166 0098 83F30303 		usat	r3, #3, r3
 167              	.LBE9:
  22:network.c     ****         // 1. Dot product (int8 * int8 -> int32 accumulator)
 168              		.loc 1 22 23 discriminator 1 view .LVU44
 169 009c BCF1060F 		cmp	ip, #6
 170              	.LBB10:
 171              		.loc 1 43 23 view .LVU45
 172 00a0 09F8013B 		strb	r3, [r9], #1
 173              	.LBE10:
  22:network.c     ****         // 1. Dot product (int8 * int8 -> int32 accumulator)
 174              		.loc 1 22 34 is_stmt 1 discriminator 2 view .LVU46
 175              	.LVL14:
  22:network.c     ****         // 1. Dot product (int8 * int8 -> int32 accumulator)
 176              		.loc 1 22 23 discriminator 1 view .LVU47
 177 00a4 07F10A07 		add	r7, r7, #10
 178 00a8 BDD1     		bne	.L2
 179              	.LBE12:
 180              	.LBB13:
  44:network.c     ****     }
  45:network.c     **** 
  46:network.c     ****     // ------------------------------------------------------------
  47:network.c     ****     // Layer 2: Fully‑connected (output logit)
  48:network.c     ****     // ------------------------------------------------------------
  49:network.c     ****     int32_t acc = 0;
  50:network.c     **** 
  51:network.c     ****     for (int i = 0; i < NET_L1; i++) {
 181              		.loc 1 51 14 is_stmt 0 view .LVU48
 182 00aa 0022     		movs	r2, #0
 183 00ac 0C49     		ldr	r1, .L9+4
 184              	.LBE13:
  49:network.c     **** 
 185              		.loc 1 49 13 view .LVU49
 186 00ae 1346     		mov	r3, r2
 187              	.LVL15:
 188              	.L6:
 189              	.LBB16:
 190              	.LBB14:
  52:network.c     ****         // Hidden activations are unsigned 4‑bit, but stored as int8_t.
  53:network.c     ****         // Weights are symmetric int8 (zero‑point = 0).
  54:network.c     ****         int32_t x = hidden_q[i];           // zero‑point = 0 (already non‑negative)
 191              		.loc 1 54 9 is_stmt 1 view .LVU50
 192              		.loc 1 54 29 is_stmt 0 view .LVU51
 193 00b0 16F9014B 		ldrsb	r4, [r6], #1
 194              	.LVL16:
  55:network.c     ****         int32_t w = L2_W[0][i];            // symmetric
 195              		.loc 1 55 9 is_stmt 1 view .LVU52
 196              		.loc 1 55 28 is_stmt 0 view .LVU53
 197 00b4 11F9010B 		ldrsb	r0, [r1], #1
 198              	.LVL17:
  56:network.c     ****         acc += x * w;
 199              		.loc 1 56 9 is_stmt 1 view .LVU54
 200              	.LBE14:
  51:network.c     ****         // Hidden activations are unsigned 4‑bit, but stored as int8_t.
 201              		.loc 1 51 34 is_stmt 0 discriminator 3 view .LVU55
 202 00b8 0132     		adds	r2, r2, #1
 203              	.LVL18:
  51:network.c     ****         // Hidden activations are unsigned 4‑bit, but stored as int8_t.
 204              		.loc 1 51 23 discriminator 1 view .LVU56
 205 00ba 062A     		cmp	r2, #6
 206              	.LBB15:
 207              		.loc 1 56 13 view .LVU57
 208 00bc 04FB0033 		mla	r3, r4, r0, r3
 209              	.LVL19:
 210              		.loc 1 56 13 view .LVU58
 211              	.LBE15:
  51:network.c     ****         // Hidden activations are unsigned 4‑bit, but stored as int8_t.
 212              		.loc 1 51 34 is_stmt 1 discriminator 3 view .LVU59
  51:network.c     ****         // Hidden activations are unsigned 4‑bit, but stored as int8_t.
 213              		.loc 1 51 23 discriminator 1 view .LVU60
 214 00c0 F6D1     		bne	.L6
 215              	.LBE16:
  57:network.c     ****     }
  58:network.c     **** 
  59:network.c     ****     acc += L2_B[0];
 216              		.loc 1 59 5 view .LVU61
 217              	.LVL20:
  60:network.c     **** 
  61:network.c     ****     // Apply multiplier for output layer
  62:network.c     ****     int64_t temp = (int64_t)acc * L2_M0[0];
 218              		.loc 1 62 5 view .LVU62
  63:network.c     ****     temp += (1LL << (31 + L2_N[0] - 1));
 219              		.loc 1 63 5 view .LVU63
  64:network.c     ****     int32_t logit_q = (int32_t)(temp >> (31 + L2_N[0]));
 220              		.loc 1 64 5 view .LVU64
  65:network.c     **** 
  66:network.c     ****     return logit_q;
 221              		.loc 1 66 5 view .LVU65
  63:network.c     ****     int32_t logit_q = (int32_t)(temp >> (31 + L2_N[0]));
 222              		.loc 1 63 10 is_stmt 0 view .LVU66
 223 00c2 0849     		ldr	r1, .L9+8
  59:network.c     **** 
 224              		.loc 1 59 9 view .LVU67
 225 00c4 5A1E     		subs	r2, r3, #1
 226              	.LVL21:
  63:network.c     ****     int32_t logit_q = (int32_t)(temp >> (31 + L2_N[0]));
 227              		.loc 1 63 10 view .LVU68
 228 00c6 0020     		movs	r0, #0
 229              	.LVL22:
  63:network.c     ****     int32_t logit_q = (int32_t)(temp >> (31 + L2_N[0]));
 230              		.loc 1 63 10 view .LVU69
 231 00c8 4FF48003 		mov	r3, #4194304
 232              	.LVL23:
  63:network.c     ****     int32_t logit_q = (int32_t)(temp >> (31 + L2_N[0]));
 233              		.loc 1 63 10 view .LVU70
 234 00cc C2FB0130 		smlal	r3, r0, r2, r1
  64:network.c     **** 
 235              		.loc 1 64 38 view .LVU71
 236 00d0 DB0D     		lsrs	r3, r3, #23
  67:network.c     **** }...
 237              		.loc 1 67 1 view .LVU72
 238 00d2 43EA4020 		orr	r0, r3, r0, lsl #9
 239 00d6 05B0     		add	sp, sp, #20
 240              	.LCFI2:
 241              		.cfi_def_cfa_offset 36
 242              		@ sp needed
 243 00d8 BDE8F08F 		pop	{r4, r5, r6, r7, r8, r9, r10, fp, pc}
 244              	.LVL24:
 245              	.L10:
 246              		.loc 1 67 1 view .LVU73
 247              		.align	2
 248              	.L9:
 249 00dc 00000000 		.word	.LANCHOR0
 250 00e0 84000000 		.word	.LANCHOR0+132
 251 00e4 4CFEAE50 		.word	1353645644
 252              		.cfi_endproc
 253              	.LFE0:
 255              		.section	.rodata
 256              		.align	2
 257              		.set	.LANCHOR0,. + 0
 260              	L1_B:
 261 0000 FBFFFFFF 		.word	-5
 262 0004 06000000 		.word	6
 263 0008 08000000 		.word	8
 264 000c 12000000 		.word	18
 265 0010 FFFFFFFF 		.word	-1
 266 0014 FDFFFFFF 		.word	-3
 269              	L1_M0:
 270 0018 18D3184B 		.word	1259918104
 271 001c 0EF0F86A 		.word	1794699278
 272 0020 960C0C6F 		.word	1863060630
 273 0024 0104B543 		.word	1135936513
 274 0028 48C5BC49 		.word	1237108040
 275 002c 4BADD155 		.word	1439804747
 278              	L1_N:
 279 0030 04000000 		.word	4
 280 0034 05000000 		.word	5
 281 0038 05000000 		.word	5
 282 003c 05000000 		.word	5
 283 0040 04000000 		.word	4
 284 0044 04000000 		.word	4
 287              	L1_W:
 288 0048 FE04F905 		.ascii	"\376\004\371\005\376\377\002\002\371\004"
 288      FEFF0202 
 288      F904
 289 0052 FDF9FBFE 		.ascii	"\375\371\373\376\377\375\002\377\002\377"
 289      FFFD02FF 
 289      02FF
 290 005c FE05FF05 		.ascii	"\376\005\377\005\003\004\007\004\003\377"
 290      03040704 
 290      03FF
 291 0066 0303FE03 		.ascii	"\003\003\376\003\001\371\374\371\373\373"
 291      01F9FCF9 
 291      FBFB
 292 0070 FFFC04FA 		.ascii	"\377\374\004\372\007\372\004\377\001\377"
 292      07FA04FF 
 292      01FF
 293 007a 01FFFD04 		.ascii	"\001\377\375\004\375\004\376\376\007\373"
 293      FD04FEFE 
 293      07FB
 296              	L2_W:
 297 0084 07FCFDFD 		.ascii	"\007\374\375\375\007\006"
 297      0706
 298              		.text
 299              	.Letext0:
 300              		.file 2 "/usr/arm-none-eabi/include/machine/_default_types.h"
 301              		.file 3 "/usr/arm-none-eabi/include/sys/_stdint.h"
 302              		.file 4 "network_config.h"
DEFINED SYMBOLS
                            *ABS*:00000000 network.c
     /tmp/ccmW2C9B.s:19     .text.network_forward:00000000 $t
     /tmp/ccmW2C9B.s:25     .text.network_forward:00000000 network_forward
     /tmp/ccmW2C9B.s:249    .text.network_forward:000000dc $d
     /tmp/ccmW2C9B.s:256    .rodata:00000000 $d
     /tmp/ccmW2C9B.s:260    .rodata:00000000 L1_B
     /tmp/ccmW2C9B.s:269    .rodata:00000018 L1_M0
     /tmp/ccmW2C9B.s:278    .rodata:00000030 L1_N
     /tmp/ccmW2C9B.s:287    .rodata:00000048 L1_W
     /tmp/ccmW2C9B.s:296    .rodata:00000084 L2_W

NO UNDEFINED SYMBOLS
