   1              		.cpu cortex-m4
   2              		.arch armv7e-m
   3              		.fpu softvfp
   4              		.eabi_attribute 20, 1
   5              		.eabi_attribute 21, 1
   6              		.eabi_attribute 23, 3
   7              		.eabi_attribute 24, 1
   8              		.eabi_attribute 25, 1
   9              		.eabi_attribute 26, 1
  10              		.eabi_attribute 30, 4
  11              		.eabi_attribute 34, 1
  12              		.eabi_attribute 18, 4
  13              		.file	"main.c"
  14              		.text
  15              	.Ltext0:
  16              		.cfi_sections	.debug_frame
  17              		.file 1 "main.c"
  18              		.section	.text.handle,"ax",%progbits
  19              		.align	1
  20              		.global	handle
  21              		.syntax unified
  22              		.thumb
  23              		.thumb_func
  25              	handle:
  26              	.LVL0:
  27              	.LFB4:
   1:main.c        **** #include "hal.h"
   2:main.c        **** #include "simpleserial.h"
   3:main.c        **** #include "network.h"          
   4:main.c        **** #include "network_config.h"   
   5:main.c        **** #include "code_ops.h"
   6:main.c        **** 
   7:main.c        **** // Helper macro for a NOP sled - adjust '10' to make the gap wider or narrower
   8:main.c        **** // A bigger sled for better visual separation
   9:main.c        **** #define NOP_SLED_50() do { \
  10:main.c        ****     for(int i=0; i<800; i++) { __asm__ __volatile__ ("nop"); } \
  11:main.c        **** } while(0)
  12:main.c        **** 
  13:main.c        **** uint8_t handle(uint8_t cmd, uint8_t scmd, uint8_t len, uint8_t *buf)
  14:main.c        **** {
  28              		.loc 1 14 1 view -0
  29              		.cfi_startproc
  30              		@ args = 0, pretend = 0, frame = 8
  31              		@ frame_needed = 0, uses_anonymous_args = 0
  15:main.c        ****     trigger_high();
  32              		.loc 1 15 5 view .LVU1
  14:main.c        ****     trigger_high();
  33              		.loc 1 14 1 is_stmt 0 view .LVU2
  34 0000 13B5     		push	{r0, r1, r4, lr}
  35              	.LCFI0:
  36              		.cfi_def_cfa_offset 16
  37              		.cfi_offset 4, -8
  38              		.cfi_offset 14, -4
  14:main.c        ****     trigger_high();
  39              		.loc 1 14 1 view .LVU3
  40 0002 1C46     		mov	r4, r3
  41              		.loc 1 15 5 view .LVU4
  42 0004 FFF7FEFF 		bl	trigger_high
  43              	.LVL1:
  16:main.c        ****     
  17:main.c        ****     NOP_SLED_50(); // Visual gap before math
  44              		.loc 1 17 5 is_stmt 1 view .LVU5
  45              		.loc 1 17 5 view .LVU6
  46              	.LBB2:
  47              		.loc 1 17 5 view .LVU7
  48              		.loc 1 17 5 discriminator 1 view .LVU8
  49              	.LBE2:
  15:main.c        ****     
  50              		.loc 1 15 5 is_stmt 0 view .LVU9
  51 0008 4FF44873 		mov	r3, #800
  52              	.LVL2:
  53              	.L2:
  54              	.LBB3:
  55              		.loc 1 17 5 is_stmt 1 discriminator 3 view .LVU10
  56              		.syntax unified
  57              	@ 17 "main.c" 1
  58 000c 00BF     		nop
  59              	@ 0 "" 2
  60              		.loc 1 17 5 discriminator 3 view .LVU11
  61              	.LVL3:
  62              		.loc 1 17 5 discriminator 1 view .LVU12
  63              		.thumb
  64              		.syntax unified
  65 000e 013B     		subs	r3, r3, #1
  66              	.LVL4:
  67              		.loc 1 17 5 is_stmt 0 discriminator 1 view .LVU13
  68 0010 FCD1     		bne	.L2
  69              	.LBE3:
  70              		.loc 1 17 5 is_stmt 1 discriminator 4 view .LVU14
  18:main.c        **** 
  19:main.c        ****     int32_t result = network_forward((uint16_t*)buf);
  71              		.loc 1 19 5 view .LVU15
  72              		.loc 1 19 22 is_stmt 0 view .LVU16
  73 0012 2046     		mov	r0, r4
  74 0014 FFF7FEFF 		bl	network_forward
  75              	.LVL5:
  76              		.loc 1 19 13 discriminator 1 view .LVU17
  77 0018 4FF44874 		mov	r4, #800
  78              	.LVL6:
  79              		.loc 1 19 13 discriminator 1 view .LVU18
  80 001c 0190     		str	r0, [sp, #4]
  20:main.c        ****     
  21:main.c        ****     NOP_SLED_50(); // Visual gap after math
  81              		.loc 1 21 5 is_stmt 1 view .LVU19
  82              		.loc 1 21 5 view .LVU20
  83              	.LBB4:
  84              		.loc 1 21 5 view .LVU21
  85              	.LVL7:
  86              		.loc 1 21 5 discriminator 1 view .LVU22
  87              	.L3:
  88              		.loc 1 21 5 discriminator 3 view .LVU23
  89              		.syntax unified
  90              	@ 21 "main.c" 1
  91 001e 00BF     		nop
  92              	@ 0 "" 2
  93              		.loc 1 21 5 discriminator 3 view .LVU24
  94              	.LVL8:
  95              		.loc 1 21 5 discriminator 1 view .LVU25
  96              		.thumb
  97              		.syntax unified
  98 0020 013C     		subs	r4, r4, #1
  99              	.LVL9:
 100              		.loc 1 21 5 is_stmt 0 discriminator 1 view .LVU26
 101 0022 FCD1     		bne	.L3
 102              	.LBE4:
 103              		.loc 1 21 5 is_stmt 1 discriminator 4 view .LVU27
  22:main.c        ****     
  23:main.c        ****     trigger_low();
 104              		.loc 1 23 5 view .LVU28
 105 0024 FFF7FEFF 		bl	trigger_low
 106              	.LVL10:
  24:main.c        ****     simpleserial_put('r', sizeof(int32_t), (uint8_t*)&result);
 107              		.loc 1 24 5 view .LVU29
 108 0028 01AA     		add	r2, sp, #4
 109 002a 0421     		movs	r1, #4
 110 002c 7220     		movs	r0, #114
 111 002e FFF7FEFF 		bl	simpleserial_put
 112              	.LVL11:
  25:main.c        ****     return 0;
 113              		.loc 1 25 5 view .LVU30
  26:main.c        **** }
 114              		.loc 1 26 1 is_stmt 0 view .LVU31
 115 0032 2046     		mov	r0, r4
 116 0034 02B0     		add	sp, sp, #8
 117              	.LCFI1:
 118              		.cfi_def_cfa_offset 8
 119              		@ sp needed
 120 0036 10BD     		pop	{r4, pc}
 121              		.loc 1 26 1 view .LVU32
 122              		.cfi_endproc
 123              	.LFE4:
 125              		.section	.text.startup.main,"ax",%progbits
 126              		.align	1
 127              		.global	main
 128              		.syntax unified
 129              		.thumb
 130              		.thumb_func
 132              	main:
 133              	.LFB5:
  27:main.c        **** 
  28:main.c        **** int main(void)
  29:main.c        **** {
 134              		.loc 1 29 1 is_stmt 1 view -0
 135              		.cfi_startproc
 136              		@ Volatile: function does not return.
 137              		@ args = 0, pretend = 0, frame = 0
 138              		@ frame_needed = 0, uses_anonymous_args = 0
  30:main.c        ****     platform_init();
 139              		.loc 1 30 5 view .LVU34
  29:main.c        ****     platform_init();
 140              		.loc 1 29 1 is_stmt 0 view .LVU35
 141 0000 08B5     		push	{r3, lr}
 142              	.LCFI2:
 143              		.cfi_def_cfa_offset 8
 144              		.cfi_offset 3, -8
 145              		.cfi_offset 14, -4
 146              		.loc 1 30 5 view .LVU36
 147 0002 FFF7FEFF 		bl	platform_init
 148              	.LVL12:
  31:main.c        ****     init_uart();
 149              		.loc 1 31 5 is_stmt 1 view .LVU37
 150 0006 FFF7FEFF 		bl	init_uart
 151              	.LVL13:
  32:main.c        ****     trigger_setup();
 152              		.loc 1 32 5 view .LVU38
 153 000a FFF7FEFF 		bl	trigger_setup
 154              	.LVL14:
  33:main.c        ****     simpleserial_init();
 155              		.loc 1 33 5 view .LVU39
 156 000e FFF7FEFF 		bl	simpleserial_init
 157              	.LVL15:
  34:main.c        ****     simpleserial_addcmd('p', 10, handle);
 158              		.loc 1 34 5 view .LVU40
 159 0012 044A     		ldr	r2, .L8
 160 0014 0A21     		movs	r1, #10
 161 0016 7020     		movs	r0, #112
 162 0018 FFF7FEFF 		bl	simpleserial_addcmd
 163              	.LVL16:
 164              	.L7:
  35:main.c        ****     while(1) simpleserial_get();
 165              		.loc 1 35 5 discriminator 1 view .LVU41
 166              		.loc 1 35 14 discriminator 1 view .LVU42
 167 001c FFF7FEFF 		bl	simpleserial_get
 168              	.LVL17:
 169              		.loc 1 35 10 discriminator 1 view .LVU43
 170 0020 FCE7     		b	.L7
 171              	.L9:
 172 0022 00BF     		.align	2
 173              	.L8:
 174 0024 00000000 		.word	handle
 175              		.cfi_endproc
 176              	.LFE5:
 178              		.text
 179              	.Letext0:
 180              		.file 2 "/usr/arm-none-eabi/include/machine/_default_types.h"
 181              		.file 3 "/usr/arm-none-eabi/include/sys/_stdint.h"
 182              		.file 4 "network_config.h"
 183              		.file 5 "orig_list.h"
 184              		.file 6 "binary_list.h"
 185              		.file 7 "mult_lut.h"
 186              		.file 8 "add_lut.h"
 187              		.file 9 "./simpleserial/simpleserial.h"
 188              		.file 10 "./hal/stm32f3/stm32f3_hal.h"
 189              		.file 11 "./hal/hal.h"
 190              		.file 12 "network.h"
DEFINED SYMBOLS
                            *ABS*:00000000 main.c
     /tmp/ccfdrGK1.s:19     .text.handle:00000000 $t
     /tmp/ccfdrGK1.s:25     .text.handle:00000000 handle
     /tmp/ccfdrGK1.s:126    .text.startup.main:00000000 $t
     /tmp/ccfdrGK1.s:132    .text.startup.main:00000000 main
     /tmp/ccfdrGK1.s:174    .text.startup.main:00000024 $d

UNDEFINED SYMBOLS
trigger_high
network_forward
trigger_low
simpleserial_put
platform_init
init_uart
trigger_setup
simpleserial_init
simpleserial_addcmd
simpleserial_get
