Archive member included to satisfy reference by file (symbol)

/usr/lib/gcc/arm-none-eabi/14.2.0/thumb/v7e-m/nofp/libgcc.a(_arm_mulsf3.o)
                              objdir/network.o (__aeabi_fmul)
/usr/lib/gcc/arm-none-eabi/14.2.0/thumb/v7e-m/nofp/libgcc.a(_arm_addsubsf3.o)
                              objdir/network.o (__aeabi_fsub)
/usr/lib/gcc/arm-none-eabi/14.2.0/thumb/v7e-m/nofp/libgcc.a(_arm_cmpsf2.o)
                              objdir/network.o (__aeabi_fcmpgt)
/usr/lib/gcc/arm-none-eabi/14.2.0/../../../../arm-none-eabi/lib/thumb/v7e-m/nofp/libg_nano.a(libc_a-atexit.o)
                              /usr/lib/gcc/arm-none-eabi/14.2.0/../../../../arm-none-eabi/lib/thumb/v7e-m/nofp/crt0.o (atexit)
/usr/lib/gcc/arm-none-eabi/14.2.0/../../../../arm-none-eabi/lib/thumb/v7e-m/nofp/libg_nano.a(libc_a-exit.o)
                              /usr/lib/gcc/arm-none-eabi/14.2.0/../../../../arm-none-eabi/lib/thumb/v7e-m/nofp/crt0.o (exit)
/usr/lib/gcc/arm-none-eabi/14.2.0/../../../../arm-none-eabi/lib/thumb/v7e-m/nofp/libg_nano.a(libc_a-findfp.o)
                              /usr/lib/gcc/arm-none-eabi/14.2.0/../../../../arm-none-eabi/lib/thumb/v7e-m/nofp/libg_nano.a(libc_a-exit.o) (__stdio_exit_handler)
/usr/lib/gcc/arm-none-eabi/14.2.0/../../../../arm-none-eabi/lib/thumb/v7e-m/nofp/libg_nano.a(libc_a-fwalk.o)
                              /usr/lib/gcc/arm-none-eabi/14.2.0/../../../../arm-none-eabi/lib/thumb/v7e-m/nofp/libg_nano.a(libc_a-findfp.o) (_fwalk_sglue)
/usr/lib/gcc/arm-none-eabi/14.2.0/../../../../arm-none-eabi/lib/thumb/v7e-m/nofp/libg_nano.a(libc_a-stdio.o)
                              /usr/lib/gcc/arm-none-eabi/14.2.0/../../../../arm-none-eabi/lib/thumb/v7e-m/nofp/libg_nano.a(libc_a-findfp.o) (__sread)
/usr/lib/gcc/arm-none-eabi/14.2.0/../../../../arm-none-eabi/lib/thumb/v7e-m/nofp/libg_nano.a(libc_a-memset.o)
                              /usr/lib/gcc/arm-none-eabi/14.2.0/../../../../arm-none-eabi/lib/thumb/v7e-m/nofp/crt0.o (memset)
/usr/lib/gcc/arm-none-eabi/14.2.0/../../../../arm-none-eabi/lib/thumb/v7e-m/nofp/libg_nano.a(libc_a-closer.o)
                              /usr/lib/gcc/arm-none-eabi/14.2.0/../../../../arm-none-eabi/lib/thumb/v7e-m/nofp/libg_nano.a(libc_a-stdio.o) (_close_r)
/usr/lib/gcc/arm-none-eabi/14.2.0/../../../../arm-none-eabi/lib/thumb/v7e-m/nofp/libg_nano.a(libc_a-reent.o)
                              /usr/lib/gcc/arm-none-eabi/14.2.0/../../../../arm-none-eabi/lib/thumb/v7e-m/nofp/libg_nano.a(libc_a-closer.o) (errno)
/usr/lib/gcc/arm-none-eabi/14.2.0/../../../../arm-none-eabi/lib/thumb/v7e-m/nofp/libg_nano.a(libc_a-impure.o)
                              /usr/lib/gcc/arm-none-eabi/14.2.0/../../../../arm-none-eabi/lib/thumb/v7e-m/nofp/libg_nano.a(libc_a-reent.o) (_impure_ptr)
/usr/lib/gcc/arm-none-eabi/14.2.0/../../../../arm-none-eabi/lib/thumb/v7e-m/nofp/libg_nano.a(libc_a-lseekr.o)
                              /usr/lib/gcc/arm-none-eabi/14.2.0/../../../../arm-none-eabi/lib/thumb/v7e-m/nofp/libg_nano.a(libc_a-stdio.o) (_lseek_r)
/usr/lib/gcc/arm-none-eabi/14.2.0/../../../../arm-none-eabi/lib/thumb/v7e-m/nofp/libg_nano.a(libc_a-readr.o)
                              /usr/lib/gcc/arm-none-eabi/14.2.0/../../../../arm-none-eabi/lib/thumb/v7e-m/nofp/libg_nano.a(libc_a-stdio.o) (_read_r)
/usr/lib/gcc/arm-none-eabi/14.2.0/../../../../arm-none-eabi/lib/thumb/v7e-m/nofp/libg_nano.a(libc_a-writer.o)
                              /usr/lib/gcc/arm-none-eabi/14.2.0/../../../../arm-none-eabi/lib/thumb/v7e-m/nofp/libg_nano.a(libc_a-stdio.o) (_write_r)
/usr/lib/gcc/arm-none-eabi/14.2.0/../../../../arm-none-eabi/lib/thumb/v7e-m/nofp/libg_nano.a(libc_a-errno.o)
                              objdir/stm32f3_sysmem.o (__errno)
/usr/lib/gcc/arm-none-eabi/14.2.0/../../../../arm-none-eabi/lib/thumb/v7e-m/nofp/libg_nano.a(libc_a-init.o)
                              /usr/lib/gcc/arm-none-eabi/14.2.0/../../../../arm-none-eabi/lib/thumb/v7e-m/nofp/crt0.o (__libc_init_array)
/usr/lib/gcc/arm-none-eabi/14.2.0/../../../../arm-none-eabi/lib/thumb/v7e-m/nofp/libg_nano.a(libc_a-fini.o)
                              /usr/lib/gcc/arm-none-eabi/14.2.0/../../../../arm-none-eabi/lib/thumb/v7e-m/nofp/crt0.o (__libc_fini_array)
/usr/lib/gcc/arm-none-eabi/14.2.0/../../../../arm-none-eabi/lib/thumb/v7e-m/nofp/libg_nano.a(libc_a-lock.o)
                              /usr/lib/gcc/arm-none-eabi/14.2.0/../../../../arm-none-eabi/lib/thumb/v7e-m/nofp/libg_nano.a(libc_a-findfp.o) (__retarget_lock_init_recursive)
/usr/lib/gcc/arm-none-eabi/14.2.0/../../../../arm-none-eabi/lib/thumb/v7e-m/nofp/libg_nano.a(libc_a-__atexit.o)
                              /usr/lib/gcc/arm-none-eabi/14.2.0/../../../../arm-none-eabi/lib/thumb/v7e-m/nofp/libg_nano.a(libc_a-atexit.o) (__register_exitproc)
/usr/lib/gcc/arm-none-eabi/14.2.0/../../../../arm-none-eabi/lib/thumb/v7e-m/nofp/libg_nano.a(libc_a-__call_atexit.o)
[...]
Memory Configuration

Name             Origin             Length             Attributes
RAM              0x20000000         0x0000a000         xrw
ROM              0x08000000         0x00040000         xr
*default*        0x00000000         0xffffffff

Linker script and memory map

LOAD /usr/lib/gcc/arm-none-eabi/14.2.0/thumb/v7e-m/nofp/crti.o
LOAD /usr/lib/gcc/arm-none-eabi/14.2.0/thumb/v7e-m/nofp/crtbegin.o
LOAD /usr/lib/gcc/arm-none-eabi/14.2.0/../../../../arm-none-eabi/lib/thumb/v7e-m/nofp/crt0.o
LOAD objdir/main.o
LOAD objdir/network.o
LOAD objdir/simpleserial.o
LOAD objdir/stm32f3_hal.o
LOAD objdir/stm32f3_hal_lowlevel.o
LOAD objdir/stm32f3_sysmem.o
LOAD objdir/stm32f3_startup.o
LOAD /usr/lib/gcc/arm-none-eabi/14.2.0/../../../../arm-none-eabi/lib/thumb/v7e-m/nofp/libm.a
LOAD /usr/lib/gcc/arm-none-eabi/14.2.0/../../../../arm-none-eabi/lib/thumb/v7e-m/nofp/libm.a
START GROUP
LOAD /usr/lib/gcc/arm-none-eabi/14.2.0/thumb/v7e-m/nofp/libgcc.a
LOAD /usr/lib/gcc/arm-none-eabi/14.2.0/../../../../arm-none-eabi/lib/thumb/v7e-m/nofp/libg_nano.a
LOAD /usr/lib/gcc/arm-none-eabi/14.2.0/../../../../arm-none-eabi/lib/thumb/v7e-m/nofp/libc_nano.a
END GROUP
START GROUP
LOAD /usr/lib/gcc/arm-none-eabi/14.2.0/thumb/v7e-m/nofp/libgcc.a
LOAD /usr/lib/gcc/arm-none-eabi/14.2.0/../../../../arm-none-eabi/lib/thumb/v7e-m/nofp/libc_nano.a
LOAD /usr/lib/gcc/arm-none-eabi/14.2.0/../../../../arm-none-eabi/lib/thumb/v7e-m/nofp/libnosys.a
END GROUP
START GROUP
LOAD /usr/lib/gcc/arm-none-eabi/14.2.0/thumb/v7e-m/nofp/libgcc.a
LOAD /usr/lib/gcc/arm-none-eabi/14.2.0/../../../../arm-none-eabi/lib/thumb/v7e-m/nofp/libc_nano.a
LOAD /usr/lib/gcc/arm-none-eabi/14.2.0/../../../../arm-none-eabi/lib/thumb/v7e-m/nofp/libnosys.a
END GROUP
LOAD /usr/lib/gcc/arm-none-eabi/14.2.0/thumb/v7e-m/nofp/crtend.o
LOAD /usr/lib/gcc/arm-none-eabi/14.2.0/thumb/v7e-m/nofp/crtn.o
                0x2000a000                        _estack = 0x2000a000
                0x00000000                        _Min_Heap_Size = 0x0
                0x00000400                        _Min_Stack_Size = 0x400

.isr_vector     0x08000000      0x188
                0x08000000                        . = ALIGN (0x4)
 *(.isr_vector)
 .isr_vector    0x08000000      0x188 objdir/stm32f3_startup.o
                0x08000000                g_pfnVectors
                0x08000188                        . = ALIGN (0x4)

.text           0x08000188     0x15fc
                0x08000188                        . = ALIGN (0x4)
 *(.text)
 .text          0x08000188      0x168 /usr/lib/gcc/arm-none-eabi/14.2.0/thumb/v7e-m/nofp/libgcc.a(_arm_mulsf3.o)
                0x08000188                __mulsf3
                0x08000188                __aeabi_fmul
 .text          0x080002f0      0x21c /usr/lib/gcc/arm-none-eabi/14.2.0/thumb/v7e-m/nofp/libgcc.a(_arm_addsubsf3.o)
                0x080002f0                __aeabi_frsub
                0x080002f8                __subsf3
                0x080002f8                __aeabi_fsub
                0x080002fc                __aeabi_fadd
                0x080002fc                __addsf3
                0x0800045c                __aeabi_ui2f
                0x0800045c                __floatunsisf
                0x08000464                __aeabi_i2f
                0x08000464                __floatsisf
                0x08000480                __floatundisf
                0x08000480                __aeabi_ul2f
                0x08000490                __floatdisf
                0x08000490                __aeabi_l2f
 .text          0x0800050c       0xec /usr/lib/gcc/arm-none-eabi/14.2.0/thumb/v7e-m/nofp/libgcc.a(_arm_cmpsf2.o)
                0x0800050c                __gtsf2
                0x0800050c                __gesf2
                0x08000514                __lesf2
                0x08000514                __ltsf2
                0x0800051c                __nesf2
                0x0800051c                __eqsf2
                0x0800051c                __cmpsf2
                0x0800057c                __aeabi_cfrcmple
                0x08000584                __aeabi_cfcmple
                0x08000584                __aeabi_cfcmpeq
                0x08000594                __aeabi_fcmpeq
                0x080005a8                __aeabi_fcmplt
                0x080005bc                __aeabi_fcmple
                0x080005d0                __aeabi_fcmpge
                0x080005e4                __aeabi_fcmpgt
 *(.text*)
 .text.__do_global_dtors_aux
                0x080005f8       0x24 /usr/lib/gcc/arm-none-eabi/14.2.0/thumb/v7e-m/nofp/crtbegin.o
 .text.frame_dummy
                0x0800061c       0x1c /usr/lib/gcc/arm-none-eabi/14.2.0/thumb/v7e-m/nofp/crtbegin.o
 .text.handle   0x08000638       0x44 objdir/main.o
                0x08000638                handle
 .text.startup.main
                0x0800067c       0x28 objdir/main.o
                0x0800067c                main
 .text.network_forward
                0x080006a4       0xd8 objdir/network.o
                0x080006a4                network_forward
 .text.ss_crc   0x0800077c       0x2c objdir/simpleserial.o
                0x0800077c                ss_crc
 .text.stuff_data
                0x080007a8       0x22 objdir/simpleserial.o
                0x080007a8                stuff_data
 .text.unstuff_data
                0x080007ca       0x1e objdir/simpleserial.o
                0x080007ca                unstuff_data
 .text.simpleserial_addcmd
                0x080007e8       0x34 objdir/simpleserial.o
                0x080007e8                simpleserial_addcmd
 .text.simpleserial_init
                0x0800081c       0x24 objdir/simpleserial.o
                0x0800081c                simpleserial_init
 .text.simpleserial_put
                0x08000840       0x5a objdir/simpleserial.o
                0x08000840                simpleserial_put
 .text.check_version
                0x0800089a       0x1c objdir/simpleserial.o
                0x0800089a                check_version
 *fill*         0x080008b6        0x2 
 .text.ss_get_commands
                0x080008b8       0x3c objdir/simpleserial.o
                0x080008b8                ss_get_commands
 .text.simpleserial_get
                0x080008f4       0xdc objdir/simpleserial.o
                0x080008f4                simpleserial_get
 .text.platform_init
                0x080009d0       0x7c objdir/stm32f3_hal.o
                0x080009d0                platform_init
 .text.init_uart
                0x08000a4c       0x7c objdir/stm32f3_hal.o
                0x08000a4c                init_uart
 .text.trigger_setup
                0x08000ac8       0x48 objdir/stm32f3_hal.o
                0x08000ac8                trigger_setup
 .text.trigger_high
                0x08000b10        0xe objdir/stm32f3_hal.o
                0x08000b10                trigger_high
 .text.trigger_low
                0x08000b1e        0xe objdir/stm32f3_hal.o
                0x08000b1e                trigger_low
 .text.getch    0x08000b2c       0x30 objdir/stm32f3_hal.o
                0x08000b2c                getch
 .text.putch    0x08000b5c       0x20 objdir/stm32f3_hal.o
                0x08000b5c                putch
 .text.HAL_GetTick
                0x08000b7c       0x10 objdir/stm32f3_hal_lowlevel.o
                0x08000b7c                HAL_GetTick
 .text.HAL_RCC_OscConfig
                0x08000b8c      0x48c objdir/stm32f3_hal_lowlevel.o
                0x08000b8c                HAL_RCC_OscConfig
 .text.HAL_RCC_ClockConfig
                0x08001018      0x140 objdir/stm32f3_hal_lowlevel.o
                0x08001018                HAL_RCC_ClockConfig
 .text.HAL_GPIO_Init
                0x08001158      0x17c objdir/stm32f3_hal_lowlevel.o
                0x08001158                HAL_GPIO_Init
 .text.HAL_GPIO_WritePin
                0x080012d4        0xa objdir/stm32f3_hal_lowlevel.o
                0x080012d4                HAL_GPIO_WritePin
 *fill*         0x080012de        0x2 
 .text.UART_SetConfig
                0x080012e0      0x15c objdir/stm32f3_hal_lowlevel.o
                0x080012e0                UART_SetConfig
 .text.UART_WaitOnFlagUntilTimeout
                0x0800143c       0x62 objdir/stm32f3_hal_lowlevel.o
                0x0800143c                UART_WaitOnFlagUntilTimeout
 .text.UART_CheckIdleState
                0x0800149e       0x62 objdir/stm32f3_hal_lowlevel.o
                0x0800149e                UART_CheckIdleState
 .text.HAL_UART_Init
                0x08001500       0x54 objdir/stm32f3_hal_lowlevel.o
                0x08001500                HAL_UART_Init
 .text.HAL_UART_Transmit
                0x08001554       0xac objdir/stm32f3_hal_lowlevel.o
                0x08001554                HAL_UART_Transmit
 .text.HAL_UART_Receive
                0x08001600       0xd6 objdir/stm32f3_hal_lowlevel.o
                0x08001600                HAL_UART_Receive
 *fill*         0x080016d6        0x2 
 .text.Reset_Handler
                0x080016d8       0x48 objdir/stm32f3_startup.o
                0x080016d8                Reset_Handler
 .text.Default_Handler
                0x08001720        0x2 objdir/stm32f3_startup.o
                0x08001720                DebugMon_Handler
                0x08001720                HardFault_Handler
                0x08001720                SysTick_Handler
                0x08001720                PendSV_Handler
                0x08001720                NMI_Handler
                0x08001720                UsageFault_Handler
                0x08001720                Default_Handler
                0x08001720                MemManage_Handler
                0x08001720                SVC_Handler
                0x08001720                BusFault_Handler
 *fill*         0x08001722        0x2 
 .text.__libc_init_array
                0x08001724       0x48 /usr/lib/gcc/arm-none-eabi/14.2.0/../../../../arm-none-eabi/lib/thumb/v7e-m/nofp/libg_nano.a(libc_a-init.o)
                0x08001724                __libc_init_array
 *(.glue_7)
 .glue_7        0x0800176c        0x0 linker stubs
 *(.glue_7t)
 .glue_7t       0x0800176c        0x0 linker stubs
 *(.eh_frame)
 .eh_frame      0x0800176c        0x0 /usr/lib/gcc/arm-none-eabi/14.2.0/thumb/v7e-m/nofp/crtbegin.o
 *(.init)
 .init          0x0800176c        0x4 /usr/lib/gcc/arm-none-eabi/14.2.0/thumb/v7e-m/nofp/crti.o
                0x0800176c                _init
 .init          0x08001770        0x8 /usr/lib/gcc/arm-none-eabi/14.2.0/thumb/v7e-m/nofp/crtn.o
 *(.fini)
 .fini          0x08001778        0x4 /usr/lib/gcc/arm-none-eabi/14.2.0/thumb/v7e-m/nofp/crti.o
                0x08001778                _fini
 .fini          0x0800177c        0x8 /usr/lib/gcc/arm-none-eabi/14.2.0/thumb/v7e-m/nofp/crtn.o
                0x08001784                        . = ALIGN (0x4)
                0x08001784                        _etext = .

.vfp11_veneer   0x08001784        0x0
 .vfp11_veneer  0x08001784        0x0 linker stubs

.v4_bx          0x08001784        0x0
 .v4_bx         0x08001784        0x0 linker stubs

.iplt           0x08001784        0x0
 .iplt          0x08001784        0x0 /usr/lib/gcc/arm-none-eabi/14.2.0/thumb/v7e-m/nofp/crtbegin.o

.rodata         0x08001784       0x64
                0x08001784                        . = ALIGN (0x4)
 *(.rodata)
 .rodata        0x08001784       0x28 objdir/main.o
 .rodata        0x080017ac       0x3c objdir/network.o
 *(.rodata*)
                0x080017e8                        . = ALIGN (0x4)

.rel.dyn        0x080017e8        0x0
 .rel.iplt      0x080017e8        0x0 /usr/lib/gcc/arm-none-eabi/14.2.0/thumb/v7e-m/nofp/crtbegin.o

.ARM.extab      0x080017e8        0x0
                0x080017e8                        . = ALIGN (0x4)
 *(.ARM.extab* .gnu.linkonce.armextab.*)
                0x080017e8                        . = ALIGN (0x4)

.ARM            0x080017e8        0x0
                0x080017e8                        . = ALIGN (0x4)
                0x080017e8                        __exidx_start = .
 *(.ARM.exidx*)
                0x080017e8                        __exidx_end = .
                0x080017e8                        . = ALIGN (0x4)

.preinit_array  0x080017e8        0x0
                0x080017e8                        . = ALIGN (0x4)
                0x080017e8                        PROVIDE (__preinit_array_start = .)
 *(.preinit_array*)
                0x080017e8                        PROVIDE (__preinit_array_end = .)
                0x080017e8                        . = ALIGN (0x4)

.init_array     0x080017e8        0x4
                0x080017e8                        . = ALIGN (0x4)
                0x080017e8                        PROVIDE (__init_array_start = .)
 *(SORT_BY_NAME(.init_array.*))
 *(.init_array*)
 .init_array    0x080017e8        0x4 /usr/lib/gcc/arm-none-eabi/14.2.0/thumb/v7e-m/nofp/crtbegin.o
                0x080017ec                        PROVIDE (__init_array_end = .)
                0x080017ec                        . = ALIGN (0x4)

.fini_array     0x080017ec        0x4
                0x080017ec                        . = ALIGN (0x4)
                0x080017ec                        PROVIDE (__fini_array_start = .)
 *(SORT_BY_NAME(.fini_array.*))
 *(.fini_array*)
 .fini_array    0x080017ec        0x4 /usr/lib/gcc/arm-none-eabi/14.2.0/thumb/v7e-m/nofp/crtbegin.o
                0x080017f0                        PROVIDE (__fini_array_end = .)
                0x080017f0                        . = ALIGN (0x4)
                0x080017f0                        _sidata = LOADADDR (.data)

.data           0x20000000        0x0 load address 0x080017f0
                0x20000000                        . = ALIGN (0x4)
                0x20000000                        _sdata = .
 *(.data)
 *(.data*)
                0x20000000                        . = ALIGN (0x4)
                0x20000000                        _edata = .

.igot.plt       0x20000000        0x0 load address 0x080017f0
 .igot.plt      0x20000000        0x0 /usr/lib/gcc/arm-none-eabi/14.2.0/thumb/v7e-m/nofp/crtbegin.o
                0x20000000                        . = ALIGN (0x4)

.bss            0x20000000      0x158 load address 0x080017f0
                0x20000000                        _sbss = .
                0x20000000                        __bss_start__ = _sbss
 *(.bss)
 .bss           0x20000000       0xc4 objdir/simpleserial.o
 .bss           0x200000c4       0x70 objdir/stm32f3_hal.o
                0x200000c4                UartHandle
 .bss           0x20000134        0x8 objdir/stm32f3_hal_lowlevel.o
                0x20000134                hal_sys_tick
                0x20000138                uwTick
 *(.bss*)
 .bss.completed.1
                0x2000013c        0x1 /usr/lib/gcc/arm-none-eabi/14.2.0/thumb/v7e-m/nofp/crtbegin.o
 *fill*         0x2000013d        0x3 
 .bss.object.0  0x20000140       0x18 /usr/lib/gcc/arm-none-eabi/14.2.0/thumb/v7e-m/nofp/crtbegin.o
 *(COMMON)
                0x20000158                        . = ALIGN (0x4)
                0x20000158                        _ebss = .
                0x20000158                        __bss_end__ = _ebss

._user_heap_stack
                0x20000158      0x400 load address 0x080017f0
                0x20000158                        . = ALIGN (0x8)
                0x20000158                        PROVIDE (end = .)
                [!provide]                        PROVIDE (_end = .)
                0x20000158                        . = (. + _Min_Heap_Size)
                0x20000558                        . = (. + _Min_Stack_Size)
 *fill*         0x20000158      0x400 
                0x20000558                        . = ALIGN (0x8)

/DISCARD/
 libc.a(*)
 libm.a(*)
 libgcc.a(*)

.ARM.attributes
                0x00000000       0x2a
 *(.ARM.attributes)
 .ARM.attributes
                0x00000000       0x1e /usr/lib/gcc/arm-none-eabi/14.2.0/thumb/v7e-m/nofp/crti.o
 .ARM.attributes
                0x0000001e       0x2e /usr/lib/gcc/arm-none-eabi/14.2.0/thumb/v7e-m/nofp/crtbegin.o
 .ARM.attributes
                0x0000004c       0x2e objdir/main.o
 .ARM.attributes
                0x0000007a       0x2e objdir/network.o
 .ARM.attributes
                0x000000a8       0x2e objdir/simpleserial.o
 .ARM.attributes
                0x000000d6       0x2e objdir/stm32f3_hal.o
 .ARM.attributes
                0x00000104       0x2e objdir/stm32f3_hal_lowlevel.o
 .ARM.attributes
                0x00000132       0x21 objdir/stm32f3_startup.o
 .ARM.attributes
                0x00000153       0x1e /usr/lib/gcc/arm-none-eabi/14.2.0/thumb/v7e-m/nofp/libgcc.a(_arm_mulsf3.o)
 .ARM.attributes
                0x00000171       0x1e /usr/lib/gcc/arm-none-eabi/14.2.0/thumb/v7e-m/nofp/libgcc.a(_arm_addsubsf3.o)
 .ARM.attributes
                0x0000018f       0x1e /usr/lib/gcc/arm-none-eabi/14.2.0/thumb/v7e-m/nofp/libgcc.a(_arm_cmpsf2.o)
 .ARM.attributes
                0x000001ad       0x2e /usr/lib/gcc/arm-none-eabi/14.2.0/../../../../arm-none-eabi/lib/thumb/v7e-m/nofp/libg_nano.a(libc_a-init.o)
 .ARM.attributes
                0x000001db       0x1e /usr/lib/gcc/arm-none-eabi/14.2.0/thumb/v7e-m/nofp/crtn.o
OUTPUT(simpleserial-target-CWLITEARM.elf elf32-littlearm)
LOAD linker stubs
LOAD /usr/lib/gcc/arm-none-eabi/14.2.0/../../../../arm-none-eabi/lib/thumb/v7e-m/nofp/libc.a
LOAD /usr/lib/gcc/arm-none-eabi/14.2.0/../../../../arm-none-eabi/lib/thumb/v7e-m/nofp/libm.a
LOAD /usr/lib/gcc/arm-none-eabi/14.2.0/thumb/v7e-m/nofp/libgcc.a

.debug_info     0x00000000     0x463f
 .debug_info    0x00000000      0x41f objdir/main.o
 .debug_info    0x0000041f      0x30f objdir/network.o
 .debug_info    0x0000072e      0x7ea objdir/simpleserial.o
 .debug_info    0x00000f18      0xf54 objdir/stm32f3_hal.o
 .debug_info    0x00001e6c     0x24e4 objdir/stm32f3_hal_lowlevel.o
 .debug_info    0x00004350       0x3f /usr/lib/gcc/arm-none-eabi/14.2.0/thumb/v7e-m/nofp/libgcc.a(_arm_mulsf3.o)
 .debug_info    0x0000438f       0xca /usr/lib/gcc/arm-none-eabi/14.2.0/thumb/v7e-m/nofp/libgcc.a(_arm_addsubsf3.o)
 .debug_info    0x00004459       0xdb /usr/lib/gcc/arm-none-eabi/14.2.0/thumb/v7e-m/nofp/libgcc.a(_arm_cmpsf2.o)
 .debug_info    0x00004534      0x10b /usr/lib/gcc/arm-none-eabi/14.2.0/../../../../arm-none-eabi/lib/thumb/v7e-m/nofp/libg_nano.a(libc_a-init.o)

.debug_abbrev   0x00000000      0xc80
 .debug_abbrev  0x00000000      0x160 objdir/main.o
 .debug_abbrev  0x00000160       0xee objdir/network.o
 .debug_abbrev  0x0000024e      0x22f objdir/simpleserial.o
 .debug_abbrev  0x0000047d      0x24c objdir/stm32f3_hal.o
 .debug_abbrev  0x000006c9      0x478 objdir/stm32f3_hal_lowlevel.o
 .debug_abbrev  0x00000b41       0x26 /usr/lib/gcc/arm-none-eabi/14.2.0/thumb/v7e-m/nofp/libgcc.a(_arm_mulsf3.o)
 .debug_abbrev  0x00000b67       0x28 /usr/lib/gcc/arm-none-eabi/14.2.0/thumb/v7e-m/nofp/libgcc.a(_arm_addsubsf3.o)
 .debug_abbrev  0x00000b8f       0x28 /usr/lib/gcc/arm-none-eabi/14.2.0/thumb/v7e-m/nofp/libgcc.a(_arm_cmpsf2.o)
 .debug_abbrev  0x00000bb7       0xc9 /usr/lib/gcc/arm-none-eabi/14.2.0/../../../../arm-none-eabi/lib/thumb/v7e-m/nofp/libg_nano.a(libc_a-init.o)

.debug_loc      0x00000000     0x2404
 .debug_loc     0x00000000      0x11a objdir/main.o
 .debug_loc     0x0000011a      0x192 objdir/network.o
 .debug_loc     0x000002ac      0x99b objdir/simpleserial.o
 .debug_loc     0x00000c47      0x1b6 objdir/stm32f3_hal.o
 .debug_loc     0x00000dfd     0x1607 objdir/stm32f3_hal_lowlevel.o

.debug_aranges  0x00000000      0x238
 .debug_aranges
                0x00000000       0x28 objdir/main.o
 .debug_aranges
                0x00000028       0x20 objdir/network.o
 .debug_aranges
                0x00000048       0x70 objdir/simpleserial.o
 .debug_aranges
                0x000000b8       0x60 objdir/stm32f3_hal.o
 .debug_aranges
                0x00000118       0xa0 objdir/stm32f3_hal_lowlevel.o
 .debug_aranges
                0x000001b8       0x20 /usr/lib/gcc/arm-none-eabi/14.2.0/thumb/v7e-m/nofp/libgcc.a(_arm_mulsf3.o)
 .debug_aranges
                0x000001d8       0x20 /usr/lib/gcc/arm-none-eabi/14.2.0/thumb/v7e-m/nofp/libgcc.a(_arm_addsubsf3.o)
 .debug_aranges
                0x000001f8       0x20 /usr/lib/gcc/arm-none-eabi/14.2.0/thumb/v7e-m/nofp/libgcc.a(_arm_cmpsf2.o)
 .debug_aranges
                0x00000218       0x20 /usr/lib/gcc/arm-none-eabi/14.2.0/../../../../arm-none-eabi/lib/thumb/v7e-m/nofp/libg_nano.a(libc_a-init.o)

.debug_ranges   0x00000000      0x460
 .debug_ranges  0x00000000       0x18 objdir/main.o
 .debug_ranges  0x00000018       0x88 objdir/network.o
 .debug_ranges  0x000000a0       0xf0 objdir/simpleserial.o
 .debug_ranges  0x00000190       0xc0 objdir/stm32f3_hal.o
 .debug_ranges  0x00000250      0x210 objdir/stm32f3_hal_lowlevel.o

.debug_line     0x00000000     0x2751
 .debug_line    0x00000000      0x17e objdir/main.o
 .debug_line    0x0000017e      0x1a8 objdir/network.o
 .debug_line    0x00000326      0x5e5 objdir/simpleserial.o
 .debug_line    0x0000090b      0x36b objdir/stm32f3_hal.o
 .debug_line    0x00000c76     0x176c objdir/stm32f3_hal_lowlevel.o
 .debug_line    0x000023e2       0xbd /usr/lib/gcc/arm-none-eabi/14.2.0/thumb/v7e-m/nofp/libgcc.a(_arm_mulsf3.o)
 .debug_line    0x0000249f      0x103 /usr/lib/gcc/arm-none-eabi/14.2.0/thumb/v7e-m/nofp/libgcc.a(_arm_addsubsf3.o)
 .debug_line    0x000025a2       0x9a /usr/lib/gcc/arm-none-eabi/14.2.0/thumb/v7e-m/nofp/libgcc.a(_arm_cmpsf2.o)
 .debug_line    0x0000263c      0x115 /usr/lib/gcc/arm-none-eabi/14.2.0/../../../../arm-none-eabi/lib/thumb/v7e-m/nofp/libg_nano.a(libc_a-init.o)

.debug_str      0x00000000     0x16f6
 .debug_str     0x00000000     0x16f6 objdir/main.o
                                0x2d6 (size before relaxing)
 .debug_str     0x000016f6      0x262 objdir/network.o
 .debug_str     0x000016f6      0x343 objdir/simpleserial.o
 .debug_str     0x000016f6      0x97c objdir/stm32f3_hal.o
 .debug_str     0x000016f6     0x11a5 objdir/stm32f3_hal_lowlevel.o
 .debug_str     0x000016f6       0xb6 /usr/lib/gcc/arm-none-eabi/14.2.0/thumb/v7e-m/nofp/libgcc.a(_arm_mulsf3.o)
 .debug_str     0x000016f6      0x140 /usr/lib/gcc/arm-none-eabi/14.2.0/thumb/v7e-m/nofp/libgcc.a(_arm_addsubsf3.o)
 .debug_str     0x000016f6      0x155 /usr/lib/gcc/arm-none-eabi/14.2.0/thumb/v7e-m/nofp/libgcc.a(_arm_cmpsf2.o)
 .debug_str     0x000016f6      0x21a /usr/lib/gcc/arm-none-eabi/14.2.0/../../../../arm-none-eabi/lib/thumb/v7e-m/nofp/libg_nano.a(libc_a-init.o)

.comment        0x00000000       0x1e
 .comment       0x00000000       0x1e objdir/main.o
                                 0x1f (size before relaxing)
 .comment       0x0000001e       0x1f objdir/network.o
 .comment       0x0000001e       0x1f objdir/simpleserial.o
 .comment       0x0000001e       0x1f objdir/stm32f3_hal.o
 .comment       0x0000001e       0x1f objdir/stm32f3_hal_lowlevel.o
 .comment       0x0000001e       0x1f /usr/lib/gcc/arm-none-eabi/14.2.0/../../../../arm-none-eabi/lib/thumb/v7e-m/nofp/libg_nano.a(libc_a-init.o)

.debug_frame    0x00000000      0x614
 .debug_frame   0x00000000       0x44 objdir/main.o
 .debug_frame   0x00000044       0x3c objdir/network.o
 .debug_frame   0x00000080      0x164 objdir/simpleserial.o
 .debug_frame   0x000001e4       0xec objdir/stm32f3_hal.o
 .debug_frame   0x000002d0      0x1e0 objdir/stm32f3_hal_lowlevel.o
 .debug_frame   0x000004b0       0x24 /usr/lib/gcc/arm-none-eabi/14.2.0/thumb/v7e-m/nofp/libgcc.a(_arm_mulsf3.o)
 .debug_frame   0x000004d4       0x4c /usr/lib/gcc/arm-none-eabi/14.2.0/thumb/v7e-m/nofp/libgcc.a(_arm_addsubsf3.o)
 .debug_frame   0x00000520       0xc8 /usr/lib/gcc/arm-none-eabi/14.2.0/thumb/v7e-m/nofp/libgcc.a(_arm_cmpsf2.o)
 .debug_frame   0x000005e8       0x2c /usr/lib/gcc/arm-none-eabi/14.2.0/../../../../arm-none-eabi/lib/thumb/v7e-m/nofp/libg_nano.a(libc_a-init.o)

.stab           0x00000000      0x144
 .stab          0x00000000      0x144 objdir/stm32f3_startup.o

.stabstr        0x00000000       0x31
 .stabstr       0x00000000       0x31 objdir/stm32f3_startup.o

.debug_line_str
                0x00000000       0x94
 .debug_line_str
                0x00000000       0x94 /usr/lib/gcc/arm-none-eabi/14.2.0/thumb/v7e-m/nofp/libgcc.a(_arm_mulsf3.o)
 .debug_line_str
                0x00000094       0x94 /usr/lib/gcc/arm-none-eabi/14.2.0/thumb/v7e-m/nofp/libgcc.a(_arm_addsubsf3.o)
 .debug_line_str
                0x00000094       0x94 /usr/lib/gcc/arm-none-eabi/14.2.0/thumb/v7e-m/nofp/libgcc.a(_arm_cmpsf2.o)

.debug_loclists
                0x00000000       0x54
 .debug_loclists
                0x00000000       0x54 /usr/lib/gcc/arm-none-eabi/14.2.0/../../../../arm-none-eabi/lib/thumb/v7e-m/nofp/libg_nano.a(libc_a-init.o)

.debug_rnglists
                0x00000000       0x13
 .debug_rnglists
                0x00000000       0x13 /usr/lib/gcc/arm-none-eabi/14.2.0/../../../../arm-none-eabi/lib/thumb/v7e-m/nofp/libg_nano.a(libc_a-init.o)

Cross Reference Table

Symbol                                            File
BusFault_Handler                                  objdir/stm32f3_startup.o
DebugMon_Handler                                  objdir/stm32f3_startup.o
Default_Handler                                   objdir/stm32f3_startup.o
HAL_GPIO_Init                                     objdir/stm32f3_hal_lowlevel.o
                                                  objdir/stm32f3_hal.o
HAL_GPIO_WritePin                                 objdir/stm32f3_hal_lowlevel.o
                                                  objdir/stm32f3_hal.o
HAL_GetTick                                       objdir/stm32f3_hal_lowlevel.o
HAL_IncTick                                       objdir/stm32f3_hal_lowlevel.o
HAL_InitTick                                      objdir/stm32f3_hal_lowlevel.o
HAL_NVIC_SetPriority                              objdir/stm32f3_hal_lowlevel.o
HAL_RCC_ClockConfig                               objdir/stm32f3_hal_lowlevel.o
                                                  objdir/stm32f3_hal.o
HAL_RCC_GetPCLK1Freq                              objdir/stm32f3_hal_lowlevel.o
HAL_RCC_GetPCLK2Freq                              objdir/stm32f3_hal_lowlevel.o
HAL_RCC_GetSysClockFreq                           objdir/stm32f3_hal_lowlevel.o
HAL_RCC_OscConfig                                 objdir/stm32f3_hal_lowlevel.o
                                                  objdir/stm32f3_hal.o
HAL_UART_Init                                     objdir/stm32f3_hal_lowlevel.o
                                                  objdir/stm32f3_hal.o
HAL_UART_Receive                                  objdir/stm32f3_hal_lowlevel.o
                                                  objdir/stm32f3_hal.o
HAL_UART_Transmit                                 objdir/stm32f3_hal_lowlevel.o
                                                  objdir/stm32f3_hal.o
HardFault_Handler                                 objdir/stm32f3_startup.o
MemManage_Handler                                 objdir/stm32f3_startup.o
NMI_Handler                                       objdir/stm32f3_startup.o
PendSV_Handler                                    objdir/stm32f3_startup.o
Reset_Handler                                     objdir/stm32f3_startup.o
SVC_Handler                                       objdir/stm32f3_startup.o
SysTick_Handler                                   objdir/stm32f3_startup.o
SystemCoreClock                                   objdir/stm32f3_hal_lowlevel.o
SystemInit                                        objdir/stm32f3_startup.o
UART_CheckIdleState                               objdir/stm32f3_hal_lowlevel.o
UART_SetConfig                                    objdir/stm32f3_hal_lowlevel.o
UART_WaitOnFlagUntilTimeout                       objdir/stm32f3_hal_lowlevel.o
UartHandle                                        objdir/stm32f3_hal.o
UsageFault_Handler                                objdir/stm32f3_startup.o
__addsf3                                          /usr/lib/gcc/arm-none-eabi/14.2.0/thumb/v7e-m/nofp/libgcc.a(_arm_addsubsf3.o)
__aeabi_cfcmpeq                                   /usr/lib/gcc/arm-none-eabi/14.2.0/thumb/v7e-m/nofp/libgcc.a(_arm_cmpsf2.o)
__aeabi_cfcmple                                   /usr/lib/gcc/arm-none-eabi/14.2.0/thumb/v7e-m/nofp/libgcc.a(_arm_cmpsf2.o)
__aeabi_cfrcmple                                  /usr/lib/gcc/arm-none-eabi/14.2.0/thumb/v7e-m/nofp/libgcc.a(_arm_cmpsf2.o)
__aeabi_fadd                                      /usr/lib/gcc/arm-none-eabi/14.2.0/thumb/v7e-m/nofp/libgcc.a(_arm_addsubsf3.o)
                                                  objdir/network.o
__aeabi_fcmpeq                                    /usr/lib/gcc/arm-none-eabi/14.2.0/thumb/v7e-m/nofp/libgcc.a(_arm_cmpsf2.o)
__aeabi_fcmpge                                    /usr/lib/gcc/arm-none-eabi/14.2.0/thumb/v7e-m/nofp/libgcc.a(_arm_cmpsf2.o)
__aeabi_fcmpgt                                    /usr/lib/gcc/arm-none-eabi/14.2.0/thumb/v7e-m/nofp/libgcc.a(_arm_cmpsf2.o)
                                                  objdir/network.o
__aeabi_fcmple                                    /usr/lib/gcc/arm-none-eabi/14.2.0/thumb/v7e-m/nofp/libgcc.a(_arm_cmpsf2.o)
__aeabi_fcmplt                                    /usr/lib/gcc/arm-none-eabi/14.2.0/thumb/v7e-m/nofp/libgcc.a(_arm_cmpsf2.o)
__aeabi_fmul                                      /usr/lib/gcc/arm-none-eabi/14.2.0/thumb/v7e-m/nofp/libgcc.a(_arm_mulsf3.o)
                                                  objdir/network.o
__aeabi_frsub                                     /usr/lib/gcc/arm-none-eabi/14.2.0/thumb/v7e-m/nofp/libgcc.a(_arm_addsubsf3.o)
__aeabi_fsub                                      /usr/lib/gcc/arm-none-eabi/14.2.0/thumb/v7e-m/nofp/libgcc.a(_arm_addsubsf3.o)
                                                  objdir/network.o
__aeabi_i2f                                       /usr/lib/gcc/arm-none-eabi/14.2.0/thumb/v7e-m/nofp/libgcc.a(_arm_addsubsf3.o)
                                                  objdir/network.o
__aeabi_l2f                                       /usr/lib/gcc/arm-none-eabi/14.2.0/thumb/v7e-m/nofp/libgcc.a(_arm_addsubsf3.o)
__aeabi_ui2f                                      /usr/lib/gcc/arm-none-eabi/14.2.0/thumb/v7e-m/nofp/libgcc.a(_arm_addsubsf3.o)
__aeabi_ul2f                                      /usr/lib/gcc/arm-none-eabi/14.2.0/thumb/v7e-m/nofp/libgcc.a(_arm_addsubsf3.o)
__atexit                                          /usr/lib/gcc/arm-none-eabi/14.2.0/../../../../arm-none-eabi/lib/thumb/v7e-m/nofp/libg_nano.a(libc_a-__call_atexit.o)
                                                  /usr/lib/gcc/arm-none-eabi/14.2.0/../../../../arm-none-eabi/lib/thumb/v7e-m/nofp/libg_nano.a(libc_a-__atexit.o)
__atexit0                                         /usr/lib/gcc/arm-none-eabi/14.2.0/../../../../arm-none-eabi/lib/thumb/v7e-m/nofp/libg_nano.a(libc_a-__atexit.o)
__atexit_dummy                                    /usr/lib/gcc/arm-none-eabi/14.2.0/../../../../arm-none-eabi/lib/thumb/v7e-m/nofp/libg_nano.a(libc_a-__atexit.o)
__atexit_recursive_mutex                          /usr/lib/gcc/arm-none-eabi/14.2.0/../../../../arm-none-eabi/lib/thumb/v7e-m/nofp/libg_nano.a(libc_a-__call_atexit.o)
                                                  /usr/lib/gcc/arm-none-eabi/14.2.0/../../../../arm-none-eabi/lib/thumb/v7e-m/nofp/libg_nano.a(libc_a-__atexit.o)
__bss_end__                                       /usr/lib/gcc/arm-none-eabi/14.2.0/../../../../arm-none-eabi/lib/thumb/v7e-m/nofp/crt0.o
__bss_start__                                     /usr/lib/gcc/arm-none-eabi/14.2.0/../../../../arm-none-eabi/lib/thumb/v7e-m/nofp/crt0.o
__call_exitprocs                                  /usr/lib/gcc/arm-none-eabi/14.2.0/../../../../arm-none-eabi/lib/thumb/v7e-m/nofp/libg_nano.a(libc_a-__call_atexit.o)
                                                  /usr/lib/gcc/arm-none-eabi/14.2.0/../../../../arm-none-eabi/lib/thumb/v7e-m/nofp/libg_nano.a(libc_a-__atexit.o)
                                                  /usr/lib/gcc/arm-none-eabi/14.2.0/../../../../arm-none-eabi/lib/thumb/v7e-m/nofp/libg_nano.a(libc_a-exit.o)
__cmpsf2                                          /usr/lib/gcc/arm-none-eabi/14.2.0/thumb/v7e-m/nofp/libgcc.a(_arm_cmpsf2.o)
__deregister_frame_info                           /usr/lib/gcc/arm-none-eabi/14.2.0/thumb/v7e-m/nofp/crtbegin.o
__dso_handle                                      /usr/lib/gcc/arm-none-eabi/14.2.0/thumb/v7e-m/nofp/crtbegin.o
__eqsf2                                           /usr/lib/gcc/arm-none-eabi/14.2.0/thumb/v7e-m/nofp/libgcc.a(_arm_cmpsf2.o)
__errno                                           /usr/lib/gcc/arm-none-eabi/14.2.0/../../../../arm-none-eabi/lib/thumb/v7e-m/nofp/libg_nano.a(libc_a-errno.o)
                                                  objdir/stm32f3_sysmem.o
__fini_array_end                                  /usr/lib/gcc/arm-none-eabi/14.2.0/../../../../arm-none-eabi/lib/thumb/v7e-m/nofp/libg_nano.a(libc_a-fini.o)
__fini_array_start                                /usr/lib/gcc/arm-none-eabi/14.2.0/../../../../arm-none-eabi/lib/thumb/v7e-m/nofp/libg_nano.a(libc_a-fini.o)
__floatdisf                                       /usr/lib/gcc/arm-none-eabi/14.2.0/thumb/v7e-m/nofp/libgcc.a(_arm_addsubsf3.o)
__floatsisf                                       /usr/lib/gcc/arm-none-eabi/14.2.0/thumb/v7e-m/nofp/libgcc.a(_arm_addsubsf3.o)
__floatundisf                                     /usr/lib/gcc/arm-none-eabi/14.2.0/thumb/v7e-m/nofp/libgcc.a(_arm_addsubsf3.o)
__floatunsisf                                     /usr/lib/gcc/arm-none-eabi/14.2.0/thumb/v7e-m/nofp/libgcc.a(_arm_addsubsf3.o)
__fp_lock_all                                     /usr/lib/gcc/arm-none-eabi/14.2.0/../../../../arm-none-eabi/lib/thumb/v7e-m/nofp/libg_nano.a(libc_a-findfp.o)
__fp_unlock_all                                   /usr/lib/gcc/arm-none-eabi/14.2.0/../../../../arm-none-eabi/lib/thumb/v7e-m/nofp/libg_nano.a(libc_a-findfp.o)
__gesf2                                           /usr/lib/gcc/arm-none-eabi/14.2.0/thumb/v7e-m/nofp/libgcc.a(_arm_cmpsf2.o)
__gtsf2                                           /usr/lib/gcc/arm-none-eabi/14.2.0/thumb/v7e-m/nofp/libgcc.a(_arm_cmpsf2.o)
__init_array_end                                  /usr/lib/gcc/arm-none-eabi/14.2.0/../../../../arm-none-eabi/lib/thumb/v7e-m/nofp/libg_nano.a(libc_a-init.o)
__init_array_start                                /usr/lib/gcc/arm-none-eabi/14.2.0/../../../../arm-none-eabi/lib/thumb/v7e-m/nofp/libg_nano.a(libc_a-init.o)
__lesf2                                           /usr/lib/gcc/arm-none-eabi/14.2.0/thumb/v7e-m/nofp/libgcc.a(_arm_cmpsf2.o)
__libc_fini_array                                 /usr/lib/gcc/arm-none-eabi/14.2.0/../../../../arm-none-eabi/lib/thumb/v7e-m/nofp/libg_nano.a(libc_a-fini.o)
                                                  /usr/lib/gcc/arm-none-eabi/14.2.0/../../../../arm-none-eabi/lib/thumb/v7e-m/nofp/crt0.o
__libc_init_array                                 /usr/lib/gcc/arm-none-eabi/14.2.0/../../../../arm-none-eabi/lib/thumb/v7e-m/nofp/libg_nano.a(libc_a-init.o)
                                                  objdir/stm32f3_startup.o
                                                  /usr/lib/gcc/arm-none-eabi/14.2.0/../../../../arm-none-eabi/lib/thumb/v7e-m/nofp/crt0.o
__lock___arc4random_mutex                         /usr/lib/gcc/arm-none-eabi/14.2.0/../../../../arm-none-eabi/lib/thumb/v7e-m/nofp/libg_nano.a(libc_a-lock.o)
__lock___at_quick_exit_mutex                      /usr/lib/gcc/arm-none-eabi/14.2.0/../../../../arm-none-eabi/lib/thumb/v7e-m/nofp/libg_nano.a(libc_a-lock.o)
__lock___atexit_recursive_mutex                   /usr/lib/gcc/arm-none-eabi/14.2.0/../../../../arm-none-eabi/lib/thumb/v7e-m/nofp/libg_nano.a(libc_a-lock.o)
                                                  /usr/lib/gcc/arm-none-eabi/14.2.0/../../../../arm-none-eabi/lib/thumb/v7e-m/nofp/libg_nano.a(libc_a-__call_atexit.o)
__lock___dd_hash_mutex                            /usr/lib/gcc/arm-none-eabi/14.2.0/../../../../arm-none-eabi/lib/thumb/v7e-m/nofp/libg_nano.a(libc_a-lock.o)
__lock___env_recursive_mutex                      /usr/lib/gcc/arm-none-eabi/14.2.0/../../../../arm-none-eabi/lib/thumb/v7e-m/nofp/libg_nano.a(libc_a-lock.o)
__lock___malloc_recursive_mutex                   /usr/lib/gcc/arm-none-eabi/14.2.0/../../../../arm-none-eabi/lib/thumb/v7e-m/nofp/libg_nano.a(libc_a-lock.o)
                                                  /usr/lib/gcc/arm-none-eabi/14.2.0/../../../../arm-none-eabi/lib/thumb/v7e-m/nofp/libg_nano.a(libc_a-mlock.o)
__lock___sfp_recursive_mutex                      /usr/lib/gcc/arm-none-eabi/14.2.0/../../../../arm-none-eabi/lib/thumb/v7e-m/nofp/libg_nano.a(libc_a-lock.o)
                                                  /usr/lib/gcc/arm-none-eabi/14.2.0/../../../../arm-none-eabi/lib/thumb/v7e-m/nofp/libg_nano.a(libc_a-findfp.o)
__lock___tz_mutex                                 /usr/lib/gcc/arm-none-eabi/14.2.0/../../../../arm-none-eabi/lib/thumb/v7e-m/nofp/libg_nano.a(libc_a-lock.o)
__ltsf2                                           /usr/lib/gcc/arm-none-eabi/14.2.0/thumb/v7e-m/nofp/libgcc.a(_arm_cmpsf2.o)
__malloc_free_list                                /usr/lib/gcc/arm-none-eabi/14.2.0/../../../../arm-none-eabi/lib/thumb/v7e-m/nofp/libg_nano.a(libc_a-mallocr.o)
                                                  /usr/lib/gcc/arm-none-eabi/14.2.0/../../../../arm-none-eabi/lib/thumb/v7e-m/nofp/libg_nano.a(libc_a-freer.o)
__malloc_lock                                     /usr/lib/gcc/arm-none-eabi/14.2.0/../../../../arm-none-eabi/lib/thumb/v7e-m/nofp/libg_nano.a(libc_a-mlock.o)
                                                  /usr/lib/gcc/arm-none-eabi/14.2.0/../../../../arm-none-eabi/lib/thumb/v7e-m/nofp/libg_nano.a(libc_a-mallocr.o)
                                                  /usr/lib/gcc/arm-none-eabi/14.2.0/../../../../arm-none-eabi/lib/thumb/v7e-m/nofp/libg_nano.a(libc_a-freer.o)
__malloc_sbrk_start                               /usr/lib/gcc/arm-none-eabi/14.2.0/../../../../arm-none-eabi/lib/thumb/v7e-m/nofp/libg_nano.a(libc_a-mallocr.o)
__malloc_unlock                                   /usr/lib/gcc/arm-none-eabi/14.2.0/../../../../arm-none-eabi/lib/thumb/v7e-m/nofp/libg_nano.a(libc_a-mlock.o)
                                                  /usr/lib/gcc/arm-none-eabi/14.2.0/../../../../arm-none-eabi/lib/thumb/v7e-m/nofp/libg_nano.a(libc_a-mallocr.o)
                                                  /usr/lib/gcc/arm-none-eabi/14.2.0/../../../../arm-none-eabi/lib/thumb/v7e-m/nofp/libg_nano.a(libc_a-freer.o)
__mulsf3                                          /usr/lib/gcc/arm-none-eabi/14.2.0/thumb/v7e-m/nofp/libgcc.a(_arm_mulsf3.o)
__nesf2                                           /usr/lib/gcc/arm-none-eabi/14.2.0/thumb/v7e-m/nofp/libgcc.a(_arm_cmpsf2.o)
__on_exit_args                                    /usr/lib/gcc/arm-none-eabi/14.2.0/../../../../arm-none-eabi/lib/thumb/v7e-m/nofp/libg_nano.a(libc_a-__atexit.o)
__preinit_array_end                               /usr/lib/gcc/arm-none-eabi/14.2.0/../../../../arm-none-eabi/lib/thumb/v7e-m/nofp/libg_nano.a(libc_a-init.o)
__preinit_array_start                             /usr/lib/gcc/arm-none-eabi/14.2.0/../../../../arm-none-eabi/lib/thumb/v7e-m/nofp/libg_nano.a(libc_a-init.o)
__register_exitproc                               /usr/lib/gcc/arm-none-eabi/14.2.0/../../../../arm-none-eabi/lib/thumb/v7e-m/nofp/libg_nano.a(libc_a-__atexit.o)
                                                  /usr/lib/gcc/arm-none-eabi/14.2.0/../../../../arm-none-eabi/lib/thumb/v7e-m/nofp/libg_nano.a(libc_a-atexit.o)
__register_frame_info                             /usr/lib/gcc/arm-none-eabi/14.2.0/thumb/v7e-m/nofp/crtbegin.o
__retarget_lock_acquire                           /usr/lib/gcc/arm-none-eabi/14.2.0/../../../../arm-none-eabi/lib/thumb/v7e-m/nofp/libg_nano.a(libc_a-lock.o)
__retarget_lock_acquire_recursive                 /usr/lib/gcc/arm-none-eabi/14.2.0/../../../../arm-none-eabi/lib/thumb/v7e-m/nofp/libg_nano.a(libc_a-lock.o)
                                                  /usr/lib/gcc/arm-none-eabi/14.2.0/../../../../arm-none-eabi/lib/thumb/v7e-m/nofp/libg_nano.a(libc_a-fflush.o)
                                                  /usr/lib/gcc/arm-none-eabi/14.2.0/../../../../arm-none-eabi/lib/thumb/v7e-m/nofp/libg_nano.a(libc_a-mlock.o)
                                                  /usr/lib/gcc/arm-none-eabi/14.2.0/../../../../arm-none-eabi/lib/thumb/v7e-m/nofp/libg_nano.a(libc_a-__call_atexit.o)
                                                  /usr/lib/gcc/arm-none-eabi/14.2.0/../../../../arm-none-eabi/lib/thumb/v7e-m/nofp/libg_nano.a(libc_a-__atexit.o)
                                                  /usr/lib/gcc/arm-none-eabi/14.2.0/../../../../arm-none-eabi/lib/thumb/v7e-m/nofp/libg_nano.a(libc_a-findfp.o)
__retarget_lock_close                             /usr/lib/gcc/arm-none-eabi/14.2.0/../../../../arm-none-eabi/lib/thumb/v7e-m/nofp/libg_nano.a(libc_a-lock.o)
__retarget_lock_close_recursive                   /usr/lib/gcc/arm-none-eabi/14.2.0/../../../../arm-none-eabi/lib/thumb/v7e-m/nofp/libg_nano.a(libc_a-lock.o)
__retarget_lock_init                              /usr/lib/gcc/arm-none-eabi/14.2.0/../../../../arm-none-eabi/lib/thumb/v7e-m/nofp/libg_nano.a(libc_a-lock.o)
__retarget_lock_init_recursive                    /usr/lib/gcc/arm-none-eabi/14.2.0/../../../../arm-none-eabi/lib/thumb/v7e-m/nofp/libg_nano.a(libc_a-lock.o)
                                                  /usr/lib/gcc/arm-none-eabi/14.2.0/../../../../arm-none-eabi/lib/thumb/v7e-m/nofp/libg_nano.a(libc_a-findfp.o)
__retarget_lock_release                           /usr/lib/gcc/arm-none-eabi/14.2.0/../../../../arm-none-eabi/lib/thumb/v7e-m/nofp/libg_nano.a(libc_a-lock.o)
__retarget_lock_release_recursive                 /usr/lib/gcc/arm-none-eabi/14.2.0/../../../../arm-none-eabi/lib/thumb/v7e-m/nofp/libg_nano.a(libc_a-lock.o)
                                                  /usr/lib/gcc/arm-none-eabi/14.2.0/../../../../arm-none-eabi/lib/thumb/v7e-m/nofp/libg_nano.a(libc_a-fflush.o)
                                                  /usr/lib/gcc/arm-none-eabi/14.2.0/../../../../arm-none-eabi/lib/thumb/v7e-m/nofp/libg_nano.a(libc_a-mlock.o)
                                                  /usr/lib/gcc/arm-none-eabi/14.2.0/../../../../arm-none-eabi/lib/thumb/v7e-m/nofp/libg_nano.a(libc_a-__call_atexit.o)
                                                  /usr/lib/gcc/arm-none-eabi/14.2.0/../../../../arm-none-eabi/lib/thumb/v7e-m/nofp/libg_nano.a(libc_a-__atexit.o)
                                                  /usr/lib/gcc/arm-none-eabi/14.2.0/../../../../arm-none-eabi/lib/thumb/v7e-m/nofp/libg_nano.a(libc_a-findfp.o)
__retarget_lock_try_acquire                       /usr/lib/gcc/arm-none-eabi/14.2.0/../../../../arm-none-eabi/lib/thumb/v7e-m/nofp/libg_nano.a(libc_a-lock.o)
__retarget_lock_try_acquire_recursive             /usr/lib/gcc/arm-none-eabi/14.2.0/../../../../arm-none-eabi/lib/thumb/v7e-m/nofp/libg_nano.a(libc_a-lock.o)
__sclose                                          /usr/lib/gcc/arm-none-eabi/14.2.0/../../../../arm-none-eabi/lib/thumb/v7e-m/nofp/libg_nano.a(libc_a-stdio.o)
                                                  /usr/lib/gcc/arm-none-eabi/14.2.0/../../../../arm-none-eabi/lib/thumb/v7e-m/nofp/libg_nano.a(libc_a-findfp.o)
__seofread                                        /usr/lib/gcc/arm-none-eabi/14.2.0/../../../../arm-none-eabi/lib/thumb/v7e-m/nofp/libg_nano.a(libc_a-stdio.o)
__sf                                              /usr/lib/gcc/arm-none-eabi/14.2.0/../../../../arm-none-eabi/lib/thumb/v7e-m/nofp/libg_nano.a(libc_a-findfp.o)
                                                  /usr/lib/gcc/arm-none-eabi/14.2.0/../../../../arm-none-eabi/lib/thumb/v7e-m/nofp/libg_nano.a(libc_a-impure.o)
__sflush_r                                        /usr/lib/gcc/arm-none-eabi/14.2.0/../../../../arm-none-eabi/lib/thumb/v7e-m/nofp/libg_nano.a(libc_a-fflush.o)
__sfp                                             /usr/lib/gcc/arm-none-eabi/14.2.0/../../../../arm-none-eabi/lib/thumb/v7e-m/nofp/libg_nano.a(libc_a-findfp.o)
__sfp_lock_acquire                                /usr/lib/gcc/arm-none-eabi/14.2.0/../../../../arm-none-eabi/lib/thumb/v7e-m/nofp/libg_nano.a(libc_a-findfp.o)
__sfp_lock_release                                /usr/lib/gcc/arm-none-eabi/14.2.0/../../../../arm-none-eabi/lib/thumb/v7e-m/nofp/libg_nano.a(libc_a-findfp.o)
__sglue                                           /usr/lib/gcc/arm-none-eabi/14.2.0/../../../../arm-none-eabi/lib/thumb/v7e-m/nofp/libg_nano.a(libc_a-findfp.o)
                                                  /usr/lib/gcc/arm-none-eabi/14.2.0/../../../../arm-none-eabi/lib/thumb/v7e-m/nofp/libg_nano.a(libc_a-fflush.o)
__sinit                                           /usr/lib/gcc/arm-none-eabi/14.2.0/../../../../arm-none-eabi/lib/thumb/v7e-m/nofp/libg_nano.a(libc_a-findfp.o)
                                                  /usr/lib/gcc/arm-none-eabi/14.2.0/../../../../arm-none-eabi/lib/thumb/v7e-m/nofp/libg_nano.a(libc_a-fflush.o)
__sread                                           /usr/lib/gcc/arm-none-eabi/14.2.0/../../../../arm-none-eabi/lib/thumb/v7e-m/nofp/libg_nano.a(libc_a-stdio.o)
                                                  /usr/lib/gcc/arm-none-eabi/14.2.0/../../../../arm-none-eabi/lib/thumb/v7e-m/nofp/libg_nano.a(libc_a-findfp.o)
__sseek                                           /usr/lib/gcc/arm-none-eabi/14.2.0/../../../../arm-none-eabi/lib/thumb/v7e-m/nofp/libg_nano.a(libc_a-stdio.o)
                                                  /usr/lib/gcc/arm-none-eabi/14.2.0/../../../../arm-none-eabi/lib/thumb/v7e-m/nofp/libg_nano.a(libc_a-findfp.o)
__stack                                           /usr/lib/gcc/arm-none-eabi/14.2.0/../../../../arm-none-eabi/lib/thumb/v7e-m/nofp/crt0.o
__stdio_exit_handler                              /usr/lib/gcc/arm-none-eabi/14.2.0/../../../../arm-none-eabi/lib/thumb/v7e-m/nofp/libg_nano.a(libc_a-findfp.o)
                                                  /usr/lib/gcc/arm-none-eabi/14.2.0/../../../../arm-none-eabi/lib/thumb/v7e-m/nofp/libg_nano.a(libc_a-exit.o)
__subsf3                                          /usr/lib/gcc/arm-none-eabi/14.2.0/thumb/v7e-m/nofp/libgcc.a(_arm_addsubsf3.o)
__swrite                                          /usr/lib/gcc/arm-none-eabi/14.2.0/../../../../arm-none-eabi/lib/thumb/v7e-m/nofp/libg_nano.a(libc_a-stdio.o)
                                                  /usr/lib/gcc/arm-none-eabi/14.2.0/../../../../arm-none-eabi/lib/thumb/v7e-m/nofp/libg_nano.a(libc_a-findfp.o)
_close                                            /usr/lib/gcc/arm-none-eabi/14.2.0/../../../../arm-none-eabi/lib/thumb/v7e-m/nofp/libnosys.a(close.o)
                                                  /usr/lib/gcc/arm-none-eabi/14.2.0/../../../../arm-none-eabi/lib/thumb/v7e-m/nofp/libg_nano.a(libc_a-closer.o)
_close_r                                          /usr/lib/gcc/arm-none-eabi/14.2.0/../../../../arm-none-eabi/lib/thumb/v7e-m/nofp/libg_nano.a(libc_a-closer.o)
                                                  /usr/lib/gcc/arm-none-eabi/14.2.0/../../../../arm-none-eabi/lib/thumb/v7e-m/nofp/libg_nano.a(libc_a-stdio.o)
_ebss                                             objdir/stm32f3_startup.o
_edata                                            objdir/stm32f3_startup.o
_estack                                           objdir/stm32f3_startup.o
_exit                                             /usr/lib/gcc/arm-none-eabi/14.2.0/../../../../arm-none-eabi/lib/thumb/v7e-m/nofp/libnosys.a(_exit.o)
                                                  /usr/lib/gcc/arm-none-eabi/14.2.0/../../../../arm-none-eabi/lib/thumb/v7e-m/nofp/libg_nano.a(libc_a-exit.o)
_fflush_r                                         /usr/lib/gcc/arm-none-eabi/14.2.0/../../../../arm-none-eabi/lib/thumb/v7e-m/nofp/libg_nano.a(libc_a-fflush.o)
                                                  /usr/lib/gcc/arm-none-eabi/14.2.0/../../../../arm-none-eabi/lib/thumb/v7e-m/nofp/libg_nano.a(libc_a-findfp.o)
_fini                                             /usr/lib/gcc/arm-none-eabi/14.2.0/thumb/v7e-m/nofp/crti.o
                                                  /usr/lib/gcc/arm-none-eabi/14.2.0/../../../../arm-none-eabi/lib/thumb/v7e-m/nofp/libg_nano.a(libc_a-fini.o)
_free_r                                           /usr/lib/gcc/arm-none-eabi/14.2.0/../../../../arm-none-eabi/lib/thumb/v7e-m/nofp/libg_nano.a(libc_a-freer.o)
                                                  /usr/lib/gcc/arm-none-eabi/14.2.0/../../../../arm-none-eabi/lib/thumb/v7e-m/nofp/libg_nano.a(libc_a-fflush.o)
                                                  /usr/lib/gcc/arm-none-eabi/14.2.0/../../../../arm-none-eabi/lib/thumb/v7e-m/nofp/libg_nano.a(libc_a-reent.o)
_fwalk_sglue                                      /usr/lib/gcc/arm-none-eabi/14.2.0/../../../../arm-none-eabi/lib/thumb/v7e-m/nofp/libg_nano.a(libc_a-fwalk.o)
                                                  /usr/lib/gcc/arm-none-eabi/14.2.0/../../../../arm-none-eabi/lib/thumb/v7e-m/nofp/libg_nano.a(libc_a-fflush.o)
                                                  /usr/lib/gcc/arm-none-eabi/14.2.0/../../../../arm-none-eabi/lib/thumb/v7e-m/nofp/libg_nano.a(libc_a-findfp.o)
_impure_data                                      /usr/lib/gcc/arm-none-eabi/14.2.0/../../../../arm-none-eabi/lib/thumb/v7e-m/nofp/libg_nano.a(libc_a-impure.o)
                                                  /usr/lib/gcc/arm-none-eabi/14.2.0/../../../../arm-none-eabi/lib/thumb/v7e-m/nofp/libg_nano.a(libc_a-fflush.o)
                                                  /usr/lib/gcc/arm-none-eabi/14.2.0/../../../../arm-none-eabi/lib/thumb/v7e-m/nofp/libg_nano.a(libc_a-findfp.o)
_impure_ptr                                       /usr/lib/gcc/arm-none-eabi/14.2.0/../../../../arm-none-eabi/lib/thumb/v7e-m/nofp/libg_nano.a(libc_a-impure.o)
                                                  /usr/lib/gcc/arm-none-eabi/14.2.0/../../../../arm-none-eabi/lib/thumb/v7e-m/nofp/libg_nano.a(libc_a-fflush.o)
                                                  /usr/lib/gcc/arm-none-eabi/14.2.0/../../../../arm-none-eabi/lib/thumb/v7e-m/nofp/libg_nano.a(libc_a-errno.o)
                                                  /usr/lib/gcc/arm-none-eabi/14.2.0/../../../../arm-none-eabi/lib/thumb/v7e-m/nofp/libg_nano.a(libc_a-reent.o)
_init                                             /usr/lib/gcc/arm-none-eabi/14.2.0/thumb/v7e-m/nofp/crti.o
                                                  /usr/lib/gcc/arm-none-eabi/14.2.0/../../../../arm-none-eabi/lib/thumb/v7e-m/nofp/libg_nano.a(libc_a-init.o)
_lseek                                            /usr/lib/gcc/arm-none-eabi/14.2.0/../../../../arm-none-eabi/lib/thumb/v7e-m/nofp/libnosys.a(lseek.o)
                                                  /usr/lib/gcc/arm-none-eabi/14.2.0/../../../../arm-none-eabi/lib/thumb/v7e-m/nofp/libg_nano.a(libc_a-lseekr.o)
_lseek_r                                          /usr/lib/gcc/arm-none-eabi/14.2.0/../../../../arm-none-eabi/lib/thumb/v7e-m/nofp/libg_nano.a(libc_a-lseekr.o)
                                                  /usr/lib/gcc/arm-none-eabi/14.2.0/../../../../arm-none-eabi/lib/thumb/v7e-m/nofp/libg_nano.a(libc_a-stdio.o)
_mainCRTStartup                                   /usr/lib/gcc/arm-none-eabi/14.2.0/../../../../arm-none-eabi/lib/thumb/v7e-m/nofp/crt0.o
_malloc_r                                         /usr/lib/gcc/arm-none-eabi/14.2.0/../../../../arm-none-eabi/lib/thumb/v7e-m/nofp/libg_nano.a(libc_a-mallocr.o)
                                                  /usr/lib/gcc/arm-none-eabi/14.2.0/../../../../arm-none-eabi/lib/thumb/v7e-m/nofp/libg_nano.a(libc_a-findfp.o)
_read                                             /usr/lib/gcc/arm-none-eabi/14.2.0/../../../../arm-none-eabi/lib/thumb/v7e-m/nofp/libnosys.a(read.o)
                                                  /usr/lib/gcc/arm-none-eabi/14.2.0/../../../../arm-none-eabi/lib/thumb/v7e-m/nofp/libg_nano.a(libc_a-readr.o)
_read_r                                           /usr/lib/gcc/arm-none-eabi/14.2.0/../../../../arm-none-eabi/lib/thumb/v7e-m/nofp/libg_nano.a(libc_a-readr.o)
                                                  /usr/lib/gcc/arm-none-eabi/14.2.0/../../../../arm-none-eabi/lib/thumb/v7e-m/nofp/libg_nano.a(libc_a-stdio.o)
_reclaim_reent                                    /usr/lib/gcc/arm-none-eabi/14.2.0/../../../../arm-none-eabi/lib/thumb/v7e-m/nofp/libg_nano.a(libc_a-reent.o)
_sbrk                                             objdir/stm32f3_sysmem.o
                                                  /usr/lib/gcc/arm-none-eabi/14.2.0/../../../../arm-none-eabi/lib/thumb/v7e-m/nofp/libg_nano.a(libc_a-sbrkr.o)
_sbrk_r                                           /usr/lib/gcc/arm-none-eabi/14.2.0/../../../../arm-none-eabi/lib/thumb/v7e-m/nofp/libg_nano.a(libc_a-sbrkr.o)
                                                  /usr/lib/gcc/arm-none-eabi/14.2.0/../../../../arm-none-eabi/lib/thumb/v7e-m/nofp/libg_nano.a(libc_a-mallocr.o)
_sbss                                             objdir/stm32f3_startup.o
_sdata                                            objdir/stm32f3_startup.o
_sidata                                           objdir/stm32f3_startup.o
_stack_init                                       /usr/lib/gcc/arm-none-eabi/14.2.0/../../../../arm-none-eabi/lib/thumb/v7e-m/nofp/crt0.o
_start                                            /usr/lib/gcc/arm-none-eabi/14.2.0/../../../../arm-none-eabi/lib/thumb/v7e-m/nofp/crt0.o
_write                                            /usr/lib/gcc/arm-none-eabi/14.2.0/../../../../arm-none-eabi/lib/thumb/v7e-m/nofp/libnosys.a(write.o)
                                                  /usr/lib/gcc/arm-none-eabi/14.2.0/../../../../arm-none-eabi/lib/thumb/v7e-m/nofp/libg_nano.a(libc_a-writer.o)
_write_r                                          /usr/lib/gcc/arm-none-eabi/14.2.0/../../../../arm-none-eabi/lib/thumb/v7e-m/nofp/libg_nano.a(libc_a-writer.o)
                                                  /usr/lib/gcc/arm-none-eabi/14.2.0/../../../../arm-none-eabi/lib/thumb/v7e-m/nofp/libg_nano.a(libc_a-stdio.o)
atexit                                            /usr/lib/gcc/arm-none-eabi/14.2.0/../../../../arm-none-eabi/lib/thumb/v7e-m/nofp/libg_nano.a(libc_a-atexit.o)
                                                  /usr/lib/gcc/arm-none-eabi/14.2.0/../../../../arm-none-eabi/lib/thumb/v7e-m/nofp/crt0.o
change_err_led                                    objdir/stm32f3_hal.o
change_ok_led                                     objdir/stm32f3_hal.o
check_version                                     objdir/simpleserial.o
end                                               objdir/stm32f3_sysmem.o
errno                                             /usr/lib/gcc/arm-none-eabi/14.2.0/../../../../arm-none-eabi/lib/thumb/v7e-m/nofp/libg_nano.a(libc_a-reent.o)
                                                  /usr/lib/gcc/arm-none-eabi/14.2.0/../../../../arm-none-eabi/lib/thumb/v7e-m/nofp/libnosys.a(write.o)
                                                  /usr/lib/gcc/arm-none-eabi/14.2.0/../../../../arm-none-eabi/lib/thumb/v7e-m/nofp/libnosys.a(read.o)
                                                  /usr/lib/gcc/arm-none-eabi/14.2.0/../../../../arm-none-eabi/lib/thumb/v7e-m/nofp/libnosys.a(lseek.o)
                                                  /usr/lib/gcc/arm-none-eabi/14.2.0/../../../../arm-none-eabi/lib/thumb/v7e-m/nofp/libnosys.a(close.o)
                                                  /usr/lib/gcc/arm-none-eabi/14.2.0/../../../../arm-none-eabi/lib/thumb/v7e-m/nofp/libg_nano.a(libc_a-sbrkr.o)
                                                  /usr/lib/gcc/arm-none-eabi/14.2.0/../../../../arm-none-eabi/lib/thumb/v7e-m/nofp/libg_nano.a(libc_a-writer.o)
                                                  /usr/lib/gcc/arm-none-eabi/14.2.0/../../../../arm-none-eabi/lib/thumb/v7e-m/nofp/libg_nano.a(libc_a-readr.o)
                                                  /usr/lib/gcc/arm-none-eabi/14.2.0/../../../../arm-none-eabi/lib/thumb/v7e-m/nofp/libg_nano.a(libc_a-lseekr.o)
                                                  /usr/lib/gcc/arm-none-eabi/14.2.0/../../../../arm-none-eabi/lib/thumb/v7e-m/nofp/libg_nano.a(libc_a-closer.o)
exit                                              /usr/lib/gcc/arm-none-eabi/14.2.0/../../../../arm-none-eabi/lib/thumb/v7e-m/nofp/libg_nano.a(libc_a-exit.o)
                                                  /usr/lib/gcc/arm-none-eabi/14.2.0/../../../../arm-none-eabi/lib/thumb/v7e-m/nofp/crt0.o
fflush                                            /usr/lib/gcc/arm-none-eabi/14.2.0/../../../../arm-none-eabi/lib/thumb/v7e-m/nofp/libg_nano.a(libc_a-fflush.o)
g_pfnVectors                                      objdir/stm32f3_startup.o
getch                                             objdir/stm32f3_hal.o
                                                  objdir/simpleserial.o
hal_sys_tick                                      objdir/stm32f3_hal_lowlevel.o
handle                                            objdir/main.o
hardware_init_hook                                /usr/lib/gcc/arm-none-eabi/14.2.0/../../../../arm-none-eabi/lib/thumb/v7e-m/nofp/crt0.o
hex_decode                                        objdir/simpleserial.o
init_uart                                         objdir/stm32f3_hal.o
                                                  objdir/main.o
main                                              objdir/main.o
                                                  objdir/stm32f3_startup.o
                                                  /usr/lib/gcc/arm-none-eabi/14.2.0/../../../../arm-none-eabi/lib/thumb/v7e-m/nofp/crt0.o
malloc                                            /usr/lib/gcc/arm-none-eabi/14.2.0/../../../../arm-none-eabi/lib/thumb/v7e-m/nofp/libg_nano.a(libc_a-__atexit.o)
memset                                            /usr/lib/gcc/arm-none-eabi/14.2.0/../../../../arm-none-eabi/lib/thumb/v7e-m/nofp/libg_nano.a(libc_a-memset.o)
                                                  /usr/lib/gcc/arm-none-eabi/14.2.0/../../../../arm-none-eabi/lib/thumb/v7e-m/nofp/libg_nano.a(libc_a-findfp.o)
                                                  /usr/lib/gcc/arm-none-eabi/14.2.0/../../../../arm-none-eabi/lib/thumb/v7e-m/nofp/crt0.o
network_forward                                   objdir/network.o
                                                  objdir/main.o
platform_init                                     objdir/stm32f3_hal.o
                                                  objdir/main.o
putch                                             objdir/stm32f3_hal.o
                                                  objdir/simpleserial.o
simpleserial_addcmd                               objdir/simpleserial.o
                                                  objdir/main.o
simpleserial_get                                  objdir/simpleserial.o
                                                  objdir/main.o
simpleserial_init                                 objdir/simpleserial.o
                                                  objdir/main.o
simpleserial_put                                  objdir/simpleserial.o
                                                  objdir/main.o
software_init_hook                                /usr/lib/gcc/arm-none-eabi/14.2.0/../../../../arm-none-eabi/lib/thumb/v7e-m/nofp/crt0.o
ss_crc                                            objdir/simpleserial.o
ss_get_commands                                   objdir/simpleserial.o
ss_puts                                           objdir/simpleserial.o
stuff_data                                        objdir/simpleserial.o
trigger_high                                      objdir/stm32f3_hal.o
                                                  objdir/main.o
trigger_low                                       objdir/stm32f3_hal.o
                                                  objdir/main.o
trigger_setup                                     objdir/stm32f3_hal.o
                                                  objdir/main.o
unstuff_data                                      objdir/simpleserial.o
uwTick                                            objdir/stm32f3_hal_lowlevel.o
